Archive member included to satisfy reference by file (symbol)

c:/st/stm32cubeide_1.11.0/stm32cubeide/plugins/com.st.stm32cube.ide.mcu.externaltools.gnu-tools-for-stm32.10.3-2021.10.win32_1.0.100.202210260954/tools/bin/../lib/gcc/arm-none-eabi/10.3.1/../../../../arm-none-eabi/lib/thumb/v7e-m+fp/hard\libc_nano.a(lib_a-errno.o)
                              ./Core/Src/syscalls.o (__errno)
c:/st/stm32cubeide_1.11.0/stm32cubeide/plugins/com.st.stm32cube.ide.mcu.externaltools.gnu-tools-for-stm32.10.3-2021.10.win32_1.0.100.202210260954/tools/bin/../lib/gcc/arm-none-eabi/10.3.1/../../../../arm-none-eabi/lib/thumb/v7e-m+fp/hard\libc_nano.a(lib_a-exit.o)
                              c:/st/stm32cubeide_1.11.0/stm32cubeide/plugins/com.st.stm32cube.ide.mcu.externaltools.gnu-tools-for-stm32.10.3-2021.10.win32_1.0.100.202210260954/tools/bin/../lib/gcc/arm-none-eabi/10.3.1/../../../../arm-none-eabi/lib/thumb/v7e-m+fp/hard/crt0.o (exit)
c:/st/stm32cubeide_1.11.0/stm32cubeide/plugins/com.st.stm32cube.ide.mcu.externaltools.gnu-tools-for-stm32.10.3-2021.10.win32_1.0.100.202210260954/tools/bin/../lib/gcc/arm-none-eabi/10.3.1/../../../../arm-none-eabi/lib/thumb/v7e-m+fp/hard\libc_nano.a(lib_a-impure.o)
                              c:/st/stm32cubeide_1.11.0/stm32cubeide/plugins/com.st.stm32cube.ide.mcu.externaltools.gnu-tools-for-stm32.10.3-2021.10.win32_1.0.100.202210260954/tools/bin/../lib/gcc/arm-none-eabi/10.3.1/../../../../arm-none-eabi/lib/thumb/v7e-m+fp/hard\libc_nano.a(lib_a-exit.o) (_global_impure_ptr)
c:/st/stm32cubeide_1.11.0/stm32cubeide/plugins/com.st.stm32cube.ide.mcu.externaltools.gnu-tools-for-stm32.10.3-2021.10.win32_1.0.100.202210260954/tools/bin/../lib/gcc/arm-none-eabi/10.3.1/../../../../arm-none-eabi/lib/thumb/v7e-m+fp/hard\libc_nano.a(lib_a-init.o)
                              c:/st/stm32cubeide_1.11.0/stm32cubeide/plugins/com.st.stm32cube.ide.mcu.externaltools.gnu-tools-for-stm32.10.3-2021.10.win32_1.0.100.202210260954/tools/bin/../lib/gcc/arm-none-eabi/10.3.1/../../../../arm-none-eabi/lib/thumb/v7e-m+fp/hard/crt0.o (__libc_init_array)
c:/st/stm32cubeide_1.11.0/stm32cubeide/plugins/com.st.stm32cube.ide.mcu.externaltools.gnu-tools-for-stm32.10.3-2021.10.win32_1.0.100.202210260954/tools/bin/../lib/gcc/arm-none-eabi/10.3.1/../../../../arm-none-eabi/lib/thumb/v7e-m+fp/hard\libc_nano.a(lib_a-malloc.o)
                              ./Core/Src/ESP8266_HAL.o (malloc)
c:/st/stm32cubeide_1.11.0/stm32cubeide/plugins/com.st.stm32cube.ide.mcu.externaltools.gnu-tools-for-stm32.10.3-2021.10.win32_1.0.100.202210260954/tools/bin/../lib/gcc/arm-none-eabi/10.3.1/../../../../arm-none-eabi/lib/thumb/v7e-m+fp/hard\libc_nano.a(lib_a-memcmp.o)
                              ./Core/Src/main.o (memcmp)
c:/st/stm32cubeide_1.11.0/stm32cubeide/plugins/com.st.stm32cube.ide.mcu.externaltools.gnu-tools-for-stm32.10.3-2021.10.win32_1.0.100.202210260954/tools/bin/../lib/gcc/arm-none-eabi/10.3.1/../../../../arm-none-eabi/lib/thumb/v7e-m+fp/hard\libc_nano.a(lib_a-memcpy-stub.o)
                              ./Core/Src/ESP8266_HAL.o (memcpy)
c:/st/stm32cubeide_1.11.0/stm32cubeide/plugins/com.st.stm32cube.ide.mcu.externaltools.gnu-tools-for-stm32.10.3-2021.10.win32_1.0.100.202210260954/tools/bin/../lib/gcc/arm-none-eabi/10.3.1/../../../../arm-none-eabi/lib/thumb/v7e-m+fp/hard\libc_nano.a(lib_a-memset.o)
                              c:/st/stm32cubeide_1.11.0/stm32cubeide/plugins/com.st.stm32cube.ide.mcu.externaltools.gnu-tools-for-stm32.10.3-2021.10.win32_1.0.100.202210260954/tools/bin/../lib/gcc/arm-none-eabi/10.3.1/../../../../arm-none-eabi/lib/thumb/v7e-m+fp/hard/crt0.o (memset)
c:/st/stm32cubeide_1.11.0/stm32cubeide/plugins/com.st.stm32cube.ide.mcu.externaltools.gnu-tools-for-stm32.10.3-2021.10.win32_1.0.100.202210260954/tools/bin/../lib/gcc/arm-none-eabi/10.3.1/../../../../arm-none-eabi/lib/thumb/v7e-m+fp/hard\libc_nano.a(lib_a-nano-freer.o)
                              c:/st/stm32cubeide_1.11.0/stm32cubeide/plugins/com.st.stm32cube.ide.mcu.externaltools.gnu-tools-for-stm32.10.3-2021.10.win32_1.0.100.202210260954/tools/bin/../lib/gcc/arm-none-eabi/10.3.1/../../../../arm-none-eabi/lib/thumb/v7e-m+fp/hard\libc_nano.a(lib_a-malloc.o) (_free_r)
c:/st/stm32cubeide_1.11.0/stm32cubeide/plugins/com.st.stm32cube.ide.mcu.externaltools.gnu-tools-for-stm32.10.3-2021.10.win32_1.0.100.202210260954/tools/bin/../lib/gcc/arm-none-eabi/10.3.1/../../../../arm-none-eabi/lib/thumb/v7e-m+fp/hard\libc_nano.a(lib_a-nano-mallocr.o)
                              c:/st/stm32cubeide_1.11.0/stm32cubeide/plugins/com.st.stm32cube.ide.mcu.externaltools.gnu-tools-for-stm32.10.3-2021.10.win32_1.0.100.202210260954/tools/bin/../lib/gcc/arm-none-eabi/10.3.1/../../../../arm-none-eabi/lib/thumb/v7e-m+fp/hard\libc_nano.a(lib_a-malloc.o) (_malloc_r)
[...]
Memory Configuration

Name             Origin             Length             Attributes
CCMRAM           0x0000000010000000 0x0000000000010000 xrw
RAM              0x0000000020000000 0x0000000000030000 xrw
FLASH            0x0000000008000000 0x0000000000200000 xr
*default*        0x0000000000000000 0xffffffffffffffff

Linker script and memory map

LOAD c:/st/stm32cubeide_1.11.0/stm32cubeide/plugins/com.st.stm32cube.ide.mcu.externaltools.gnu-tools-for-stm32.10.3-2021.10.win32_1.0.100.202210260954/tools/bin/../lib/gcc/arm-none-eabi/10.3.1/thumb/v7e-m+fp/hard/crti.o
LOAD c:/st/stm32cubeide_1.11.0/stm32cubeide/plugins/com.st.stm32cube.ide.mcu.externaltools.gnu-tools-for-stm32.10.3-2021.10.win32_1.0.100.202210260954/tools/bin/../lib/gcc/arm-none-eabi/10.3.1/thumb/v7e-m+fp/hard/crtbegin.o
LOAD c:/st/stm32cubeide_1.11.0/stm32cubeide/plugins/com.st.stm32cube.ide.mcu.externaltools.gnu-tools-for-stm32.10.3-2021.10.win32_1.0.100.202210260954/tools/bin/../lib/gcc/arm-none-eabi/10.3.1/../../../../arm-none-eabi/lib/thumb/v7e-m+fp/hard/crt0.o
LOAD ./Core/Src/ESP8266_HAL.o
LOAD ./Core/Src/UartRingbuffer_multi.o
LOAD ./Core/Src/main.o
LOAD ./Core/Src/stm32f4xx_hal_msp.o
LOAD ./Core/Src/stm32f4xx_hal_timebase_tim.o
LOAD ./Core/Src/stm32f4xx_it.o
LOAD ./Core/Src/syscalls.o
LOAD ./Core/Src/sysmem.o
LOAD ./Core/Src/system_stm32f4xx.o
LOAD ./Core/Startup/startup_stm32f429zitx.o
LOAD ./Drivers/BSP/Components/ili9341/ili9341.o
LOAD ./Drivers/BSP/Components/stmpe811/stmpe811.o
LOAD ./Drivers/BSP/STM32F429I-Discovery/stm32f429i_discovery.o
LOAD ./Drivers/BSP/STM32F429I-Discovery/stm32f429i_discovery_eeprom.o
LOAD ./Drivers/BSP/STM32F429I-Discovery/stm32f429i_discovery_io.o
LOAD ./Drivers/BSP/STM32F429I-Discovery/stm32f429i_discovery_lcd.o
LOAD ./Drivers/BSP/STM32F429I-Discovery/stm32f429i_discovery_sdram.o
LOAD ./Drivers/BSP/STM32F429I-Discovery/stm32f429i_discovery_ts.o
LOAD ./Drivers/STM32F4xx_HAL_Driver/Src/stm32f4xx_hal.o
LOAD ./Drivers/STM32F4xx_HAL_Driver/Src/stm32f4xx_hal_cortex.o
LOAD ./Drivers/STM32F4xx_HAL_Driver/Src/stm32f4xx_hal_crc.o
LOAD ./Drivers/STM32F4xx_HAL_Driver/Src/stm32f4xx_hal_dma.o
LOAD ./Drivers/STM32F4xx_HAL_Driver/Src/stm32f4xx_hal_dma2d.o
LOAD ./Drivers/STM32F4xx_HAL_Driver/Src/stm32f4xx_hal_dma_ex.o
LOAD ./Drivers/STM32F4xx_HAL_Driver/Src/stm32f4xx_hal_dsi.o
LOAD ./Drivers/STM32F4xx_HAL_Driver/Src/stm32f4xx_hal_exti.o
LOAD ./Drivers/STM32F4xx_HAL_Driver/Src/stm32f4xx_hal_flash.o
LOAD ./Drivers/STM32F4xx_HAL_Driver/Src/stm32f4xx_hal_flash_ex.o
LOAD ./Drivers/STM32F4xx_HAL_Driver/Src/stm32f4xx_hal_flash_ramfunc.o
LOAD ./Drivers/STM32F4xx_HAL_Driver/Src/stm32f4xx_hal_gpio.o
LOAD ./Drivers/STM32F4xx_HAL_Driver/Src/stm32f4xx_hal_hcd.o
LOAD ./Drivers/STM32F4xx_HAL_Driver/Src/stm32f4xx_hal_i2c.o
LOAD ./Drivers/STM32F4xx_HAL_Driver/Src/stm32f4xx_hal_i2c_ex.o
LOAD ./Drivers/STM32F4xx_HAL_Driver/Src/stm32f4xx_hal_ltdc.o
LOAD ./Drivers/STM32F4xx_HAL_Driver/Src/stm32f4xx_hal_ltdc_ex.o
LOAD ./Drivers/STM32F4xx_HAL_Driver/Src/stm32f4xx_hal_pwr.o
LOAD ./Drivers/STM32F4xx_HAL_Driver/Src/stm32f4xx_hal_pwr_ex.o
LOAD ./Drivers/STM32F4xx_HAL_Driver/Src/stm32f4xx_hal_rcc.o
LOAD ./Drivers/STM32F4xx_HAL_Driver/Src/stm32f4xx_hal_rcc_ex.o
LOAD ./Drivers/STM32F4xx_HAL_Driver/Src/stm32f4xx_hal_sdram.o
LOAD ./Drivers/STM32F4xx_HAL_Driver/Src/stm32f4xx_hal_spi.o
LOAD ./Drivers/STM32F4xx_HAL_Driver/Src/stm32f4xx_hal_tim.o
LOAD ./Drivers/STM32F4xx_HAL_Driver/Src/stm32f4xx_hal_tim_ex.o
LOAD ./Drivers/STM32F4xx_HAL_Driver/Src/stm32f4xx_hal_uart.o
LOAD ./Drivers/STM32F4xx_HAL_Driver/Src/stm32f4xx_ll_fmc.o
LOAD ./Drivers/STM32F4xx_HAL_Driver/Src/stm32f4xx_ll_usb.o
LOAD ./Middlewares/ST/STM32_USB_Host_Library/Class/CDC/Src/usbh_cdc.o
LOAD ./Middlewares/ST/STM32_USB_Host_Library/Core/Src/usbh_core.o
LOAD ./Middlewares/ST/STM32_USB_Host_Library/Core/Src/usbh_ctlreq.o
LOAD ./Middlewares/ST/STM32_USB_Host_Library/Core/Src/usbh_ioreq.o
LOAD ./Middlewares/ST/STM32_USB_Host_Library/Core/Src/usbh_pipes.o
LOAD ./USB_HOST/App/usb_host.o
LOAD ./USB_HOST/Target/usbh_conf.o
LOAD ./USB_HOST/Target/usbh_platform.o
START GROUP
LOAD c:/st/stm32cubeide_1.11.0/stm32cubeide/plugins/com.st.stm32cube.ide.mcu.externaltools.gnu-tools-for-stm32.10.3-2021.10.win32_1.0.100.202210260954/tools/bin/../lib/gcc/arm-none-eabi/10.3.1/../../../../arm-none-eabi/lib/thumb/v7e-m+fp/hard\libc_nano.a
LOAD c:/st/stm32cubeide_1.11.0/stm32cubeide/plugins/com.st.stm32cube.ide.mcu.externaltools.gnu-tools-for-stm32.10.3-2021.10.win32_1.0.100.202210260954/tools/bin/../lib/gcc/arm-none-eabi/10.3.1/../../../../arm-none-eabi/lib/thumb/v7e-m+fp/hard\libm.a
END GROUP
START GROUP
LOAD c:/st/stm32cubeide_1.11.0/stm32cubeide/plugins/com.st.stm32cube.ide.mcu.externaltools.gnu-tools-for-stm32.10.3-2021.10.win32_1.0.100.202210260954/tools/bin/../lib/gcc/arm-none-eabi/10.3.1/thumb/v7e-m+fp/hard\libgcc.a
LOAD c:/st/stm32cubeide_1.11.0/stm32cubeide/plugins/com.st.stm32cube.ide.mcu.externaltools.gnu-tools-for-stm32.10.3-2021.10.win32_1.0.100.202210260954/tools/bin/../lib/gcc/arm-none-eabi/10.3.1/../../../../arm-none-eabi/lib/thumb/v7e-m+fp/hard\libc_nano.a
END GROUP
START GROUP
LOAD c:/st/stm32cubeide_1.11.0/stm32cubeide/plugins/com.st.stm32cube.ide.mcu.externaltools.gnu-tools-for-stm32.10.3-2021.10.win32_1.0.100.202210260954/tools/bin/../lib/gcc/arm-none-eabi/10.3.1/thumb/v7e-m+fp/hard\libgcc.a
LOAD c:/st/stm32cubeide_1.11.0/stm32cubeide/plugins/com.st.stm32cube.ide.mcu.externaltools.gnu-tools-for-stm32.10.3-2021.10.win32_1.0.100.202210260954/tools/bin/../lib/gcc/arm-none-eabi/10.3.1/../../../../arm-none-eabi/lib/thumb/v7e-m+fp/hard\libc_nano.a
LOAD c:/st/stm32cubeide_1.11.0/stm32cubeide/plugins/com.st.stm32cube.ide.mcu.externaltools.gnu-tools-for-stm32.10.3-2021.10.win32_1.0.100.202210260954/tools/bin/../lib/gcc/arm-none-eabi/10.3.1/../../../../arm-none-eabi/lib/thumb/v7e-m+fp/hard\libnosys.a
END GROUP
START GROUP
LOAD c:/st/stm32cubeide_1.11.0/stm32cubeide/plugins/com.st.stm32cube.ide.mcu.externaltools.gnu-tools-for-stm32.10.3-2021.10.win32_1.0.100.202210260954/tools/bin/../lib/gcc/arm-none-eabi/10.3.1/thumb/v7e-m+fp/hard\libgcc.a
LOAD c:/st/stm32cubeide_1.11.0/stm32cubeide/plugins/com.st.stm32cube.ide.mcu.externaltools.gnu-tools-for-stm32.10.3-2021.10.win32_1.0.100.202210260954/tools/bin/../lib/gcc/arm-none-eabi/10.3.1/../../../../arm-none-eabi/lib/thumb/v7e-m+fp/hard\libc_nano.a
LOAD c:/st/stm32cubeide_1.11.0/stm32cubeide/plugins/com.st.stm32cube.ide.mcu.externaltools.gnu-tools-for-stm32.10.3-2021.10.win32_1.0.100.202210260954/tools/bin/../lib/gcc/arm-none-eabi/10.3.1/../../../../arm-none-eabi/lib/thumb/v7e-m+fp/hard\libnosys.a
END GROUP
LOAD c:/st/stm32cubeide_1.11.0/stm32cubeide/plugins/com.st.stm32cube.ide.mcu.externaltools.gnu-tools-for-stm32.10.3-2021.10.win32_1.0.100.202210260954/tools/bin/../lib/gcc/arm-none-eabi/10.3.1/thumb/v7e-m+fp/hard/crtend.o
LOAD c:/st/stm32cubeide_1.11.0/stm32cubeide/plugins/com.st.stm32cube.ide.mcu.externaltools.gnu-tools-for-stm32.10.3-2021.10.win32_1.0.100.202210260954/tools/bin/../lib/gcc/arm-none-eabi/10.3.1/thumb/v7e-m+fp/hard/crtn.o
                0x0000000020030000                _estack = (ORIGIN (RAM) + LENGTH (RAM))
                0x0000000000000200                _Min_Heap_Size = 0x200
                0x0000000000000400                _Min_Stack_Size = 0x400

.isr_vector     0x0000000008000000      0x1ac
                0x0000000008000000                . = ALIGN (0x4)
 *(.isr_vector)
 .isr_vector    0x0000000008000000      0x1ac ./Core/Startup/startup_stm32f429zitx.o
                0x0000000008000000                g_pfnVectors
                0x00000000080001ac                . = ALIGN (0x4)

.text           0x00000000080001b0     0xd7cc
                0x00000000080001b0                . = ALIGN (0x4)
 *(.text)
 .text          0x00000000080001b0       0x40 c:/st/stm32cubeide_1.11.0/stm32cubeide/plugins/com.st.stm32cube.ide.mcu.externaltools.gnu-tools-for-stm32.10.3-2021.10.win32_1.0.100.202210260954/tools/bin/../lib/gcc/arm-none-eabi/10.3.1/thumb/v7e-m+fp/hard/crtbegin.o
 .text          0x00000000080001f0       0x14 c:/st/stm32cubeide_1.11.0/stm32cubeide/plugins/com.st.stm32cube.ide.mcu.externaltools.gnu-tools-for-stm32.10.3-2021.10.win32_1.0.100.202210260954/tools/bin/../lib/gcc/arm-none-eabi/10.3.1/../../../../arm-none-eabi/lib/thumb/v7e-m+fp/hard\libc_nano.a(lib_a-strcmp.o)
                0x00000000080001f0                strcmp
 .text          0x0000000008000204       0x10 c:/st/stm32cubeide_1.11.0/stm32cubeide/plugins/com.st.stm32cube.ide.mcu.externaltools.gnu-tools-for-stm32.10.3-2021.10.win32_1.0.100.202210260954/tools/bin/../lib/gcc/arm-none-eabi/10.3.1/../../../../arm-none-eabi/lib/thumb/v7e-m+fp/hard\libc_nano.a(lib_a-strlen.o)
                0x0000000008000204                strlen
 *fill*         0x0000000008000214        0xc 
 .text          0x0000000008000220       0xa0 c:/st/stm32cubeide_1.11.0/stm32cubeide/plugins/com.st.stm32cube.ide.mcu.externaltools.gnu-tools-for-stm32.10.3-2021.10.win32_1.0.100.202210260954/tools/bin/../lib/gcc/arm-none-eabi/10.3.1/../../../../arm-none-eabi/lib/thumb/v7e-m+fp/hard\libc_nano.a(lib_a-memchr.o)
                0x0000000008000220                memchr
 .text          0x00000000080002c0       0x30 c:/st/stm32cubeide_1.11.0/stm32cubeide/plugins/com.st.stm32cube.ide.mcu.externaltools.gnu-tools-for-stm32.10.3-2021.10.win32_1.0.100.202210260954/tools/bin/../lib/gcc/arm-none-eabi/10.3.1/thumb/v7e-m+fp/hard\libgcc.a(_aeabi_uldivmod.o)
                0x00000000080002c0                __aeabi_uldivmod
 .text          0x00000000080002f0      0x2d0 c:/st/stm32cubeide_1.11.0/stm32cubeide/plugins/com.st.stm32cube.ide.mcu.externaltools.gnu-tools-for-stm32.10.3-2021.10.win32_1.0.100.202210260954/tools/bin/../lib/gcc/arm-none-eabi/10.3.1/thumb/v7e-m+fp/hard\libgcc.a(_udivmoddi4.o)
                0x00000000080002f0                __udivmoddi4
 .text          0x00000000080005c0        0x4 c:/st/stm32cubeide_1.11.0/stm32cubeide/plugins/com.st.stm32cube.ide.mcu.externaltools.gnu-tools-for-stm32.10.3-2021.10.win32_1.0.100.202210260954/tools/bin/../lib/gcc/arm-none-eabi/10.3.1/thumb/v7e-m+fp/hard\libgcc.a(_dvmd_tls.o)
                0x00000000080005c0                __aeabi_idiv0
                0x00000000080005c0                __aeabi_ldiv0
 *(.text*)
 .text.ESP_Init
                0x00000000080005c4      0x204 ./Core/Src/ESP8266_HAL.o
                0x00000000080005c4                ESP_Init
 .text.Server_Send
                0x00000000080007c8       0xa0 ./Core/Src/ESP8266_HAL.o
                0x00000000080007c8                Server_Send
 .text.Server_Handle
                0x0000000008000868      0x154 ./Core/Src/ESP8266_HAL.o
                0x0000000008000868                Server_Handle
 .text.Server_Start
                0x00000000080009bc      0x108 ./Core/Src/ESP8266_HAL.o
                0x00000000080009bc                Server_Start
 .text.extract  0x0000000008000ac4       0x9a ./Core/Src/ESP8266_HAL.o
                0x0000000008000ac4                extract
 *fill*         0x0000000008000b5e        0x2 
 .text.Ringbuf_init
                0x0000000008000b60       0x90 ./Core/Src/UartRingbuffer_multi.o
                0x0000000008000b60                Ringbuf_init
 .text.store_char
                0x0000000008000bf0       0x46 ./Core/Src/UartRingbuffer_multi.o
                0x0000000008000bf0                store_char
 .text.Look_for
                0x0000000008000c36       0xa4 ./Core/Src/UartRingbuffer_multi.o
                0x0000000008000c36                Look_for
 *fill*         0x0000000008000cda        0x2 
 .text.Uart_flush
                0x0000000008000cdc       0x64 ./Core/Src/UartRingbuffer_multi.o
                0x0000000008000cdc                Uart_flush
 .text.Uart_peek
                0x0000000008000d40       0x8c ./Core/Src/UartRingbuffer_multi.o
                0x0000000008000d40                Uart_peek
 .text.Uart_read
                0x0000000008000dcc       0xc0 ./Core/Src/UartRingbuffer_multi.o
                0x0000000008000dcc                Uart_read
 .text.Uart_write
                0x0000000008000e8c       0xd8 ./Core/Src/UartRingbuffer_multi.o
                0x0000000008000e8c                Uart_write
 .text.IsDataAvailable
                0x0000000008000f64       0x80 ./Core/Src/UartRingbuffer_multi.o
                0x0000000008000f64                IsDataAvailable
 .text.Get_after
                0x0000000008000fe4       0x5e ./Core/Src/UartRingbuffer_multi.o
                0x0000000008000fe4                Get_after
 .text.Uart_sendstring
                0x0000000008001042       0x2e ./Core/Src/UartRingbuffer_multi.o
                0x0000000008001042                Uart_sendstring
 .text.Copy_upto
                0x0000000008001070       0xfc ./Core/Src/UartRingbuffer_multi.o
                0x0000000008001070                Copy_upto
 .text.Wait_for
                0x000000000800116c       0xb8 ./Core/Src/UartRingbuffer_multi.o
                0x000000000800116c                Wait_for
 .text.Uart_isr
                0x0000000008001224      0x154 ./Core/Src/UartRingbuffer_multi.o
                0x0000000008001224                Uart_isr
 .text.main     0x0000000008001378       0xe8 ./Core/Src/main.o
                0x0000000008001378                main
 .text.SystemClock_Config
                0x0000000008001460       0xd4 ./Core/Src/main.o
                0x0000000008001460                SystemClock_Config
 .text.MX_CRC_Init
                0x0000000008001534       0x28 ./Core/Src/main.o
 .text.MX_DMA2D_Init
                0x000000000800155c       0x64 ./Core/Src/main.o
 .text.MX_I2C3_Init
                0x00000000080015c0       0x80 ./Core/Src/main.o
 .text.MX_LTDC_Init
                0x0000000008001640      0x100 ./Core/Src/main.o
 .text.MX_SPI5_Init
                0x0000000008001740       0x6c ./Core/Src/main.o
 .text.MX_TIM1_Init
                0x00000000080017ac       0xa0 ./Core/Src/main.o
 .text.MX_UART5_Init
                0x000000000800184c       0x54 ./Core/Src/main.o
 .text.MX_USART1_UART_Init
                0x00000000080018a0       0x54 ./Core/Src/main.o
 .text.MX_FMC_Init
                0x00000000080018f4       0xa0 ./Core/Src/main.o
 .text.MX_GPIO_Init
                0x0000000008001994      0x220 ./Core/Src/main.o
 .text.HAL_TIM_PeriodElapsedCallback
                0x0000000008001bb4       0x24 ./Core/Src/main.o
                0x0000000008001bb4                HAL_TIM_PeriodElapsedCallback
 .text.Error_Handler
                0x0000000008001bd8        0xa ./Core/Src/main.o
                0x0000000008001bd8                Error_Handler
 *fill*         0x0000000008001be2        0x2 
 .text.HAL_MspInit
                0x0000000008001be4       0x50 ./Core/Src/stm32f4xx_hal_msp.o
                0x0000000008001be4                HAL_MspInit
 .text.HAL_CRC_MspInit
                0x0000000008001c34       0x44 ./Core/Src/stm32f4xx_hal_msp.o
                0x0000000008001c34                HAL_CRC_MspInit
 .text.HAL_DMA2D_MspInit
                0x0000000008001c78       0x50 ./Core/Src/stm32f4xx_hal_msp.o
                0x0000000008001c78                HAL_DMA2D_MspInit
 .text.HAL_I2C_MspInit
                0x0000000008001cc8       0xd4 ./Core/Src/stm32f4xx_hal_msp.o
                0x0000000008001cc8                HAL_I2C_MspInit
 .text.HAL_LTDC_MspInit
                0x0000000008001d9c      0x260 ./Core/Src/stm32f4xx_hal_msp.o
                0x0000000008001d9c                HAL_LTDC_MspInit
 .text.HAL_SPI_MspInit
                0x0000000008001ffc       0x90 ./Core/Src/stm32f4xx_hal_msp.o
                0x0000000008001ffc                HAL_SPI_MspInit
 .text.HAL_SPI_MspDeInit
                0x000000000800208c       0x3c ./Core/Src/stm32f4xx_hal_msp.o
                0x000000000800208c                HAL_SPI_MspDeInit
 .text.HAL_TIM_Base_MspInit
                0x00000000080020c8       0x44 ./Core/Src/stm32f4xx_hal_msp.o
                0x00000000080020c8                HAL_TIM_Base_MspInit
 .text.HAL_UART_MspInit
                0x000000000800210c      0x160 ./Core/Src/stm32f4xx_hal_msp.o
                0x000000000800210c                HAL_UART_MspInit
 .text.HAL_FMC_MspInit
                0x000000000800226c      0x124 ./Core/Src/stm32f4xx_hal_msp.o
 .text.HAL_SDRAM_MspInit
                0x0000000008002390       0x14 ./Core/Src/stm32f4xx_hal_msp.o
                0x0000000008002390                HAL_SDRAM_MspInit
 .text.HAL_InitTick
                0x00000000080023a4       0xf8 ./Core/Src/stm32f4xx_hal_timebase_tim.o
                0x00000000080023a4                HAL_InitTick
 .text.NMI_Handler
                0x000000000800249c        0x6 ./Core/Src/stm32f4xx_it.o
                0x000000000800249c                NMI_Handler
 .text.HardFault_Handler
                0x00000000080024a2        0x6 ./Core/Src/stm32f4xx_it.o
                0x00000000080024a2                HardFault_Handler
 .text.MemManage_Handler
                0x00000000080024a8        0x6 ./Core/Src/stm32f4xx_it.o
                0x00000000080024a8                MemManage_Handler
 .text.BusFault_Handler
                0x00000000080024ae        0x6 ./Core/Src/stm32f4xx_it.o
                0x00000000080024ae                BusFault_Handler
 .text.UsageFault_Handler
                0x00000000080024b4        0x6 ./Core/Src/stm32f4xx_it.o
                0x00000000080024b4                UsageFault_Handler
 .text.SVC_Handler
                0x00000000080024ba        0xe ./Core/Src/stm32f4xx_it.o
                0x00000000080024ba                SVC_Handler
 .text.DebugMon_Handler
                0x00000000080024c8        0xe ./Core/Src/stm32f4xx_it.o
                0x00000000080024c8                DebugMon_Handler
 .text.PendSV_Handler
                0x00000000080024d6        0xe ./Core/Src/stm32f4xx_it.o
                0x00000000080024d6                PendSV_Handler
 .text.SysTick_Handler
                0x00000000080024e4        0xe ./Core/Src/stm32f4xx_it.o
                0x00000000080024e4                SysTick_Handler
 *fill*         0x00000000080024f2        0x2 
 .text.USART1_IRQHandler
                0x00000000080024f4       0x14 ./Core/Src/stm32f4xx_it.o
                0x00000000080024f4                USART1_IRQHandler
 .text.UART5_IRQHandler
                0x0000000008002508       0x14 ./Core/Src/stm32f4xx_it.o
                0x0000000008002508                UART5_IRQHandler
 .text.TIM6_DAC_IRQHandler
                0x000000000800251c       0x14 ./Core/Src/stm32f4xx_it.o
                0x000000000800251c                TIM6_DAC_IRQHandler
 .text.OTG_HS_IRQHandler
                0x0000000008002530       0x14 ./Core/Src/stm32f4xx_it.o
                0x0000000008002530                OTG_HS_IRQHandler
 .text.LTDC_IRQHandler
                0x0000000008002544       0x14 ./Core/Src/stm32f4xx_it.o
                0x0000000008002544                LTDC_IRQHandler
 .text.DMA2D_IRQHandler
                0x0000000008002558       0x14 ./Core/Src/stm32f4xx_it.o
                0x0000000008002558                DMA2D_IRQHandler
 .text._sbrk    0x000000000800256c       0x6c ./Core/Src/sysmem.o
                0x000000000800256c                _sbrk
 .text.SystemInit
                0x00000000080025d8       0x24 ./Core/Src/system_stm32f4xx.o
                0x00000000080025d8                SystemInit
 .text.Reset_Handler
                0x00000000080025fc       0x50 ./Core/Startup/startup_stm32f429zitx.o
                0x00000000080025fc                Reset_Handler
 .text.Default_Handler
                0x000000000800264c        0x2 ./Core/Startup/startup_stm32f429zitx.o
                0x000000000800264c                RTC_Alarm_IRQHandler
                0x000000000800264c                HASH_RNG_IRQHandler
                0x000000000800264c                EXTI2_IRQHandler
                0x000000000800264c                TIM8_CC_IRQHandler
                0x000000000800264c                UART8_IRQHandler
                0x000000000800264c                SPI4_IRQHandler
                0x000000000800264c                TIM1_CC_IRQHandler
                0x000000000800264c                DMA2_Stream5_IRQHandler
                0x000000000800264c                DMA1_Stream5_IRQHandler
                0x000000000800264c                PVD_IRQHandler
                0x000000000800264c                SDIO_IRQHandler
                0x000000000800264c                TAMP_STAMP_IRQHandler
                0x000000000800264c                CAN2_RX1_IRQHandler
                0x000000000800264c                EXTI3_IRQHandler
                0x000000000800264c                TIM8_TRG_COM_TIM14_IRQHandler
                0x000000000800264c                TIM1_UP_TIM10_IRQHandler
                0x000000000800264c                TIM8_UP_TIM13_IRQHandler
                0x000000000800264c                I2C3_ER_IRQHandler
                0x000000000800264c                EXTI0_IRQHandler
                0x000000000800264c                I2C2_EV_IRQHandler
                0x000000000800264c                DMA1_Stream2_IRQHandler
                0x000000000800264c                CAN1_RX0_IRQHandler
                0x000000000800264c                FPU_IRQHandler
                0x000000000800264c                OTG_HS_WKUP_IRQHandler
                0x000000000800264c                LTDC_ER_IRQHandler
                0x000000000800264c                CAN2_SCE_IRQHandler
                0x000000000800264c                DMA2_Stream2_IRQHandler
                0x000000000800264c                SPI1_IRQHandler
                0x000000000800264c                TIM1_BRK_TIM9_IRQHandler
                0x000000000800264c                DCMI_IRQHandler
                0x000000000800264c                CAN2_RX0_IRQHandler
                0x000000000800264c                DMA2_Stream3_IRQHandler
                0x000000000800264c                USART6_IRQHandler
                0x000000000800264c                USART3_IRQHandler
                0x000000000800264c                CAN1_RX1_IRQHandler
                0x000000000800264c                DMA2_Stream0_IRQHandler
                0x000000000800264c                TIM4_IRQHandler
                0x000000000800264c                I2C1_EV_IRQHandler
                0x000000000800264c                DMA1_Stream6_IRQHandler
                0x000000000800264c                DMA1_Stream1_IRQHandler
                0x000000000800264c                UART4_IRQHandler
                0x000000000800264c                TIM3_IRQHandler
                0x000000000800264c                RCC_IRQHandler
                0x000000000800264c                TIM8_BRK_TIM12_IRQHandler
                0x000000000800264c                Default_Handler
                0x000000000800264c                EXTI15_10_IRQHandler
                0x000000000800264c                ADC_IRQHandler
                0x000000000800264c                DMA1_Stream7_IRQHandler
                0x000000000800264c                SPI5_IRQHandler
                0x000000000800264c                TIM7_IRQHandler
                0x000000000800264c                CAN2_TX_IRQHandler
                0x000000000800264c                TIM5_IRQHandler
                0x000000000800264c                DMA2_Stream7_IRQHandler
                0x000000000800264c                I2C3_EV_IRQHandler
                0x000000000800264c                EXTI9_5_IRQHandler
                0x000000000800264c                RTC_WKUP_IRQHandler
                0x000000000800264c                ETH_WKUP_IRQHandler
                0x000000000800264c                SPI2_IRQHandler
                0x000000000800264c                OTG_HS_EP1_IN_IRQHandler
                0x000000000800264c                DMA1_Stream0_IRQHandler
                0x000000000800264c                CAN1_TX_IRQHandler
                0x000000000800264c                EXTI4_IRQHandler
                0x000000000800264c                ETH_IRQHandler
                0x000000000800264c                OTG_HS_EP1_OUT_IRQHandler
                0x000000000800264c                WWDG_IRQHandler
                0x000000000800264c                SPI6_IRQHandler
                0x000000000800264c                TIM2_IRQHandler
                0x000000000800264c                OTG_FS_WKUP_IRQHandler
                0x000000000800264c                TIM1_TRG_COM_TIM11_IRQHandler
                0x000000000800264c                EXTI1_IRQHandler
                0x000000000800264c                UART7_IRQHandler
                0x000000000800264c                USART2_IRQHandler
                0x000000000800264c                I2C2_ER_IRQHandler
                0x000000000800264c                DMA2_Stream1_IRQHandler
                0x000000000800264c                CAN1_SCE_IRQHandler
                0x000000000800264c                FLASH_IRQHandler
                0x000000000800264c                DMA2_Stream4_IRQHandler
                0x000000000800264c                OTG_FS_IRQHandler
                0x000000000800264c                SPI3_IRQHandler
                0x000000000800264c                DMA1_Stream4_IRQHandler
                0x000000000800264c                I2C1_ER_IRQHandler
                0x000000000800264c                FMC_IRQHandler
                0x000000000800264c                DMA2_Stream6_IRQHandler
                0x000000000800264c                SAI1_IRQHandler
                0x000000000800264c                DMA1_Stream3_IRQHandler
 .text.ili9341_Init
                0x000000000800264e      0x294 ./Drivers/BSP/Components/ili9341/ili9341.o
                0x000000000800264e                ili9341_Init
 .text.ili9341_ReadID
                0x00000000080028e2       0x18 ./Drivers/BSP/Components/ili9341/ili9341.o
                0x00000000080028e2                ili9341_ReadID
 .text.ili9341_DisplayOn
                0x00000000080028fa        0xe ./Drivers/BSP/Components/ili9341/ili9341.o
                0x00000000080028fa                ili9341_DisplayOn
 .text.ili9341_DisplayOff
                0x0000000008002908        0xe ./Drivers/BSP/Components/ili9341/ili9341.o
                0x0000000008002908                ili9341_DisplayOff
 .text.ili9341_WriteReg
                0x0000000008002916       0x1a ./Drivers/BSP/Components/ili9341/ili9341.o
                0x0000000008002916                ili9341_WriteReg
 .text.ili9341_WriteData
                0x0000000008002930       0x1a ./Drivers/BSP/Components/ili9341/ili9341.o
                0x0000000008002930                ili9341_WriteData
 .text.ili9341_ReadData
                0x000000000800294a       0x26 ./Drivers/BSP/Components/ili9341/ili9341.o
                0x000000000800294a                ili9341_ReadData
 .text.ili9341_GetLcdPixelWidth
                0x0000000008002970       0x10 ./Drivers/BSP/Components/ili9341/ili9341.o
                0x0000000008002970                ili9341_GetLcdPixelWidth
 .text.ili9341_GetLcdPixelHeight
                0x0000000008002980       0x12 ./Drivers/BSP/Components/ili9341/ili9341.o
                0x0000000008002980                ili9341_GetLcdPixelHeight
 *fill*         0x0000000008002992        0x2 
 .text.SPIx_Init
                0x0000000008002994       0x74 ./Drivers/BSP/STM32F429I-Discovery/stm32f429i_discovery.o
 .text.SPIx_Read
                0x0000000008002a08       0x40 ./Drivers/BSP/STM32F429I-Discovery/stm32f429i_discovery.o
 .text.SPIx_Write
                0x0000000008002a48       0x3c ./Drivers/BSP/STM32F429I-Discovery/stm32f429i_discovery.o
 .text.SPIx_Error
                0x0000000008002a84       0x18 ./Drivers/BSP/STM32F429I-Discovery/stm32f429i_discovery.o
 .text.SPIx_MspInit
                0x0000000008002a9c       0x74 ./Drivers/BSP/STM32F429I-Discovery/stm32f429i_discovery.o
 .text.LCD_IO_Init
                0x0000000008002b10       0xf0 ./Drivers/BSP/STM32F429I-Discovery/stm32f429i_discovery.o
                0x0000000008002b10                LCD_IO_Init
 .text.LCD_IO_WriteData
                0x0000000008002c00       0x44 ./Drivers/BSP/STM32F429I-Discovery/stm32f429i_discovery.o
                0x0000000008002c00                LCD_IO_WriteData
 .text.LCD_IO_WriteReg
                0x0000000008002c44       0x44 ./Drivers/BSP/STM32F429I-Discovery/stm32f429i_discovery.o
                0x0000000008002c44                LCD_IO_WriteReg
 .text.LCD_IO_ReadData
                0x0000000008002c88       0x64 ./Drivers/BSP/STM32F429I-Discovery/stm32f429i_discovery.o
                0x0000000008002c88                LCD_IO_ReadData
 .text.LCD_Delay
                0x0000000008002cec       0x16 ./Drivers/BSP/STM32F429I-Discovery/stm32f429i_discovery.o
                0x0000000008002cec                LCD_Delay
 *fill*         0x0000000008002d02        0x2 
 .text.BSP_LCD_Init
                0x0000000008002d04       0xd4 ./Drivers/BSP/STM32F429I-Discovery/stm32f429i_discovery_lcd.o
                0x0000000008002d04                BSP_LCD_Init
 .text.BSP_LCD_GetXSize
                0x0000000008002dd8       0x18 ./Drivers/BSP/STM32F429I-Discovery/stm32f429i_discovery_lcd.o
                0x0000000008002dd8                BSP_LCD_GetXSize
 .text.BSP_LCD_GetYSize
                0x0000000008002df0       0x18 ./Drivers/BSP/STM32F429I-Discovery/stm32f429i_discovery_lcd.o
                0x0000000008002df0                BSP_LCD_GetYSize
 .text.BSP_LCD_LayerDefaultInit
                0x0000000008002e08       0xc8 ./Drivers/BSP/STM32F429I-Discovery/stm32f429i_discovery_lcd.o
                0x0000000008002e08                BSP_LCD_LayerDefaultInit
 .text.BSP_LCD_SelectLayer
                0x0000000008002ed0       0x20 ./Drivers/BSP/STM32F429I-Discovery/stm32f429i_discovery_lcd.o
                0x0000000008002ed0                BSP_LCD_SelectLayer
 .text.BSP_LCD_SetTextColor
                0x0000000008002ef0       0x30 ./Drivers/BSP/STM32F429I-Discovery/stm32f429i_discovery_lcd.o
                0x0000000008002ef0                BSP_LCD_SetTextColor
 .text.BSP_LCD_SetBackColor
                0x0000000008002f20       0x34 ./Drivers/BSP/STM32F429I-Discovery/stm32f429i_discovery_lcd.o
                0x0000000008002f20                BSP_LCD_SetBackColor
 .text.BSP_LCD_SetFont
                0x0000000008002f54       0x34 ./Drivers/BSP/STM32F429I-Discovery/stm32f429i_discovery_lcd.o
                0x0000000008002f54                BSP_LCD_SetFont
 .text.BSP_LCD_Clear
                0x0000000008002f88       0x50 ./Drivers/BSP/STM32F429I-Discovery/stm32f429i_discovery_lcd.o
                0x0000000008002f88                BSP_LCD_Clear
 .text.BSP_LCD_DisplayChar
                0x0000000008002fd8       0x88 ./Drivers/BSP/STM32F429I-Discovery/stm32f429i_discovery_lcd.o
                0x0000000008002fd8                BSP_LCD_DisplayChar
 .text.BSP_LCD_DisplayStringAt
                0x0000000008003060      0x17c ./Drivers/BSP/STM32F429I-Discovery/stm32f429i_discovery_lcd.o
                0x0000000008003060                BSP_LCD_DisplayStringAt
 .text.BSP_LCD_MspInit
                0x00000000080031dc      0x1ac ./Drivers/BSP/STM32F429I-Discovery/stm32f429i_discovery_lcd.o
                0x00000000080031dc                BSP_LCD_MspInit
 .text.BSP_LCD_DrawPixel
                0x0000000008003388       0x4c ./Drivers/BSP/STM32F429I-Discovery/stm32f429i_discovery_lcd.o
                0x0000000008003388                BSP_LCD_DrawPixel
 .text.DrawChar
                0x00000000080033d4      0x174 ./Drivers/BSP/STM32F429I-Discovery/stm32f429i_discovery_lcd.o
 .text.FillBuffer
                0x0000000008003548       0x70 ./Drivers/BSP/STM32F429I-Discovery/stm32f429i_discovery_lcd.o
 .text.BSP_SDRAM_Init
                0x00000000080035b8       0xbc ./Drivers/BSP/STM32F429I-Discovery/stm32f429i_discovery_sdram.o
                0x00000000080035b8                BSP_SDRAM_Init
 .text.BSP_SDRAM_Initialization_sequence
                0x0000000008003674       0xc0 ./Drivers/BSP/STM32F429I-Discovery/stm32f429i_discovery_sdram.o
                0x0000000008003674                BSP_SDRAM_Initialization_sequence
 .text.BSP_SDRAM_MspInit
                0x0000000008003734      0x218 ./Drivers/BSP/STM32F429I-Discovery/stm32f429i_discovery_sdram.o
                0x0000000008003734                BSP_SDRAM_MspInit
 .text.HAL_Init
                0x000000000800394c       0x44 ./Drivers/STM32F4xx_HAL_Driver/Src/stm32f4xx_hal.o
                0x000000000800394c                HAL_Init
 .text.HAL_IncTick
                0x0000000008003990       0x28 ./Drivers/STM32F4xx_HAL_Driver/Src/stm32f4xx_hal.o
                0x0000000008003990                HAL_IncTick
 .text.HAL_GetTick
                0x00000000080039b8       0x18 ./Drivers/STM32F4xx_HAL_Driver/Src/stm32f4xx_hal.o
                0x00000000080039b8                HAL_GetTick
 .text.HAL_Delay
                0x00000000080039d0       0x48 ./Drivers/STM32F4xx_HAL_Driver/Src/stm32f4xx_hal.o
                0x00000000080039d0                HAL_Delay
 .text.__NVIC_SetPriorityGrouping
                0x0000000008003a18       0x48 ./Drivers/STM32F4xx_HAL_Driver/Src/stm32f4xx_hal_cortex.o
 .text.__NVIC_GetPriorityGrouping
                0x0000000008003a60       0x1c ./Drivers/STM32F4xx_HAL_Driver/Src/stm32f4xx_hal_cortex.o
 .text.__NVIC_EnableIRQ
                0x0000000008003a7c       0x3c ./Drivers/STM32F4xx_HAL_Driver/Src/stm32f4xx_hal_cortex.o
 .text.__NVIC_SetPriority
                0x0000000008003ab8       0x54 ./Drivers/STM32F4xx_HAL_Driver/Src/stm32f4xx_hal_cortex.o
 .text.NVIC_EncodePriority
                0x0000000008003b0c       0x66 ./Drivers/STM32F4xx_HAL_Driver/Src/stm32f4xx_hal_cortex.o
 .text.HAL_NVIC_SetPriorityGrouping
                0x0000000008003b72       0x16 ./Drivers/STM32F4xx_HAL_Driver/Src/stm32f4xx_hal_cortex.o
                0x0000000008003b72                HAL_NVIC_SetPriorityGrouping
 .text.HAL_NVIC_SetPriority
                0x0000000008003b88       0x38 ./Drivers/STM32F4xx_HAL_Driver/Src/stm32f4xx_hal_cortex.o
                0x0000000008003b88                HAL_NVIC_SetPriority
 .text.HAL_NVIC_EnableIRQ
                0x0000000008003bc0       0x1c ./Drivers/STM32F4xx_HAL_Driver/Src/stm32f4xx_hal_cortex.o
                0x0000000008003bc0                HAL_NVIC_EnableIRQ
 .text.HAL_CRC_Init
                0x0000000008003bdc       0x38 ./Drivers/STM32F4xx_HAL_Driver/Src/stm32f4xx_hal_crc.o
                0x0000000008003bdc                HAL_CRC_Init
 .text.HAL_DMA_Init
                0x0000000008003c14      0x15c ./Drivers/STM32F4xx_HAL_Driver/Src/stm32f4xx_hal_dma.o
                0x0000000008003c14                HAL_DMA_Init
 .text.HAL_DMA_DeInit
                0x0000000008003d70       0xbc ./Drivers/STM32F4xx_HAL_Driver/Src/stm32f4xx_hal_dma.o
                0x0000000008003d70                HAL_DMA_DeInit
 .text.DMA_CalcBaseAndBitshift
                0x0000000008003e2c       0x6c ./Drivers/STM32F4xx_HAL_Driver/Src/stm32f4xx_hal_dma.o
 .text.DMA_CheckFifoParam
                0x0000000008003e98       0xf8 ./Drivers/STM32F4xx_HAL_Driver/Src/stm32f4xx_hal_dma.o
 .text.HAL_DMA2D_Init
                0x0000000008003f90       0x92 ./Drivers/STM32F4xx_HAL_Driver/Src/stm32f4xx_hal_dma2d.o
                0x0000000008003f90                HAL_DMA2D_Init
 .text.HAL_DMA2D_Start
                0x0000000008004022       0x56 ./Drivers/STM32F4xx_HAL_Driver/Src/stm32f4xx_hal_dma2d.o
                0x0000000008004022                HAL_DMA2D_Start
 .text.HAL_DMA2D_PollForTransfer
                0x0000000008004078      0x1d2 ./Drivers/STM32F4xx_HAL_Driver/Src/stm32f4xx_hal_dma2d.o
                0x0000000008004078                HAL_DMA2D_PollForTransfer
 .text.HAL_DMA2D_IRQHandler
                0x000000000800424a      0x1f8 ./Drivers/STM32F4xx_HAL_Driver/Src/stm32f4xx_hal_dma2d.o
                0x000000000800424a                HAL_DMA2D_IRQHandler
 .text.HAL_DMA2D_LineEventCallback
                0x0000000008004442       0x14 ./Drivers/STM32F4xx_HAL_Driver/Src/stm32f4xx_hal_dma2d.o
                0x0000000008004442                HAL_DMA2D_LineEventCallback
 .text.HAL_DMA2D_CLUTLoadingCpltCallback
                0x0000000008004456       0x14 ./Drivers/STM32F4xx_HAL_Driver/Src/stm32f4xx_hal_dma2d.o
                0x0000000008004456                HAL_DMA2D_CLUTLoadingCpltCallback
 *fill*         0x000000000800446a        0x2 
 .text.HAL_DMA2D_ConfigLayer
                0x000000000800446c      0x124 ./Drivers/STM32F4xx_HAL_Driver/Src/stm32f4xx_hal_dma2d.o
                0x000000000800446c                HAL_DMA2D_ConfigLayer
 .text.DMA2D_SetConfig
                0x0000000008004590      0x138 ./Drivers/STM32F4xx_HAL_Driver/Src/stm32f4xx_hal_dma2d.o
 .text.HAL_GPIO_Init
                0x00000000080046c8      0x358 ./Drivers/STM32F4xx_HAL_Driver/Src/stm32f4xx_hal_gpio.o
                0x00000000080046c8                HAL_GPIO_Init
 .text.HAL_GPIO_DeInit
                0x0000000008004a20      0x218 ./Drivers/STM32F4xx_HAL_Driver/Src/stm32f4xx_hal_gpio.o
                0x0000000008004a20                HAL_GPIO_DeInit
 .text.HAL_GPIO_WritePin
                0x0000000008004c38       0x32 ./Drivers/STM32F4xx_HAL_Driver/Src/stm32f4xx_hal_gpio.o
                0x0000000008004c38                HAL_GPIO_WritePin
 .text.HAL_HCD_Init
                0x0000000008004c6a       0xc4 ./Drivers/STM32F4xx_HAL_Driver/Src/stm32f4xx_hal_hcd.o
                0x0000000008004c6a                HAL_HCD_Init
 .text.HAL_HCD_HC_Init
                0x0000000008004d2e      0x11e ./Drivers/STM32F4xx_HAL_Driver/Src/stm32f4xx_hal_hcd.o
                0x0000000008004d2e                HAL_HCD_HC_Init
 .text.HAL_HCD_HC_Halt
                0x0000000008004e4c       0x46 ./Drivers/STM32F4xx_HAL_Driver/Src/stm32f4xx_hal_hcd.o
                0x0000000008004e4c                HAL_HCD_HC_Halt
 *fill*         0x0000000008004e92        0x2 
 .text.HAL_HCD_HC_SubmitRequest
                0x0000000008004e94      0x2ac ./Drivers/STM32F4xx_HAL_Driver/Src/stm32f4xx_hal_hcd.o
                0x0000000008004e94                HAL_HCD_HC_SubmitRequest
 .text.HAL_HCD_IRQHandler
                0x0000000008005140      0x216 ./Drivers/STM32F4xx_HAL_Driver/Src/stm32f4xx_hal_hcd.o
                0x0000000008005140                HAL_HCD_IRQHandler
 .text.HAL_HCD_Start
                0x0000000008005356       0x46 ./Drivers/STM32F4xx_HAL_Driver/Src/stm32f4xx_hal_hcd.o
                0x0000000008005356                HAL_HCD_Start
 .text.HAL_HCD_Stop
                0x000000000800539c       0x3a ./Drivers/STM32F4xx_HAL_Driver/Src/stm32f4xx_hal_hcd.o
                0x000000000800539c                HAL_HCD_Stop
 .text.HAL_HCD_ResetPort
                0x00000000080053d6       0x1c ./Drivers/STM32F4xx_HAL_Driver/Src/stm32f4xx_hal_hcd.o
                0x00000000080053d6                HAL_HCD_ResetPort
 .text.HAL_HCD_HC_GetURBState
                0x00000000080053f2       0x28 ./Drivers/STM32F4xx_HAL_Driver/Src/stm32f4xx_hal_hcd.o
                0x00000000080053f2                HAL_HCD_HC_GetURBState
 .text.HAL_HCD_HC_GetXferCount
                0x000000000800541a       0x28 ./Drivers/STM32F4xx_HAL_Driver/Src/stm32f4xx_hal_hcd.o
                0x000000000800541a                HAL_HCD_HC_GetXferCount
 .text.HAL_HCD_GetCurrentFrame
                0x0000000008005442       0x1c ./Drivers/STM32F4xx_HAL_Driver/Src/stm32f4xx_hal_hcd.o
                0x0000000008005442                HAL_HCD_GetCurrentFrame
 .text.HAL_HCD_GetCurrentSpeed
                0x000000000800545e       0x1c ./Drivers/STM32F4xx_HAL_Driver/Src/stm32f4xx_hal_hcd.o
                0x000000000800545e                HAL_HCD_GetCurrentSpeed
 .text.HCD_HC_IN_IRQHandler
                0x000000000800547a      0x6aa ./Drivers/STM32F4xx_HAL_Driver/Src/stm32f4xx_hal_hcd.o
 .text.HCD_HC_OUT_IRQHandler
                0x0000000008005b24      0x6d2 ./Drivers/STM32F4xx_HAL_Driver/Src/stm32f4xx_hal_hcd.o
 .text.HCD_RXQLVL_IRQHandler
                0x00000000080061f6      0x1a4 ./Drivers/STM32F4xx_HAL_Driver/Src/stm32f4xx_hal_hcd.o
 .text.HCD_Port_IRQHandler
                0x000000000800639a       0xe6 ./Drivers/STM32F4xx_HAL_Driver/Src/stm32f4xx_hal_hcd.o
 .text.HAL_I2C_Init
                0x0000000008006480      0x288 ./Drivers/STM32F4xx_HAL_Driver/Src/stm32f4xx_hal_i2c.o
                0x0000000008006480                HAL_I2C_Init
 .text.HAL_I2CEx_ConfigAnalogFilter
                0x0000000008006708       0x78 ./Drivers/STM32F4xx_HAL_Driver/Src/stm32f4xx_hal_i2c_ex.o
                0x0000000008006708                HAL_I2CEx_ConfigAnalogFilter
 .text.HAL_I2CEx_ConfigDigitalFilter
                0x0000000008006780       0x7e ./Drivers/STM32F4xx_HAL_Driver/Src/stm32f4xx_hal_i2c_ex.o
                0x0000000008006780                HAL_I2CEx_ConfigDigitalFilter
 *fill*         0x00000000080067fe        0x2 
 .text.HAL_LTDC_Init
                0x0000000008006800      0x1a0 ./Drivers/STM32F4xx_HAL_Driver/Src/stm32f4xx_hal_ltdc.o
                0x0000000008006800                HAL_LTDC_Init
 .text.HAL_LTDC_IRQHandler
                0x00000000080069a0      0x148 ./Drivers/STM32F4xx_HAL_Driver/Src/stm32f4xx_hal_ltdc.o
                0x00000000080069a0                HAL_LTDC_IRQHandler
 .text.HAL_LTDC_ErrorCallback
                0x0000000008006ae8       0x14 ./Drivers/STM32F4xx_HAL_Driver/Src/stm32f4xx_hal_ltdc.o
                0x0000000008006ae8                HAL_LTDC_ErrorCallback
 .text.HAL_LTDC_LineEventCallback
                0x0000000008006afc       0x14 ./Drivers/STM32F4xx_HAL_Driver/Src/stm32f4xx_hal_ltdc.o
                0x0000000008006afc                HAL_LTDC_LineEventCallback
 .text.HAL_LTDC_ReloadEventCallback
                0x0000000008006b10       0x14 ./Drivers/STM32F4xx_HAL_Driver/Src/stm32f4xx_hal_ltdc.o
                0x0000000008006b10                HAL_LTDC_ReloadEventCallback
 .text.HAL_LTDC_ConfigLayer
                0x0000000008006b24       0x7c ./Drivers/STM32F4xx_HAL_Driver/Src/stm32f4xx_hal_ltdc.o
                0x0000000008006b24                HAL_LTDC_ConfigLayer
 .text.HAL_LTDC_EnableDither
                0x0000000008006ba0       0x54 ./Drivers/STM32F4xx_HAL_Driver/Src/stm32f4xx_hal_ltdc.o
                0x0000000008006ba0                HAL_LTDC_EnableDither
 .text.LTDC_SetConfig
                0x0000000008006bf4      0x32e ./Drivers/STM32F4xx_HAL_Driver/Src/stm32f4xx_hal_ltdc.o
 *fill*         0x0000000008006f22        0x2 
 .text.HAL_RCC_OscConfig
                0x0000000008006f24      0x4f0 ./Drivers/STM32F4xx_HAL_Driver/Src/stm32f4xx_hal_rcc.o
                0x0000000008006f24                HAL_RCC_OscConfig
 .text.HAL_RCC_ClockConfig
                0x0000000008007414      0x1cc ./Drivers/STM32F4xx_HAL_Driver/Src/stm32f4xx_hal_rcc.o
                0x0000000008007414                HAL_RCC_ClockConfig
 .text.HAL_RCC_GetSysClockFreq
                0x00000000080075e0      0x20c ./Drivers/STM32F4xx_HAL_Driver/Src/stm32f4xx_hal_rcc.o
                0x00000000080075e0                HAL_RCC_GetSysClockFreq
 .text.HAL_RCC_GetHCLKFreq
                0x00000000080077ec       0x18 ./Drivers/STM32F4xx_HAL_Driver/Src/stm32f4xx_hal_rcc.o
                0x00000000080077ec                HAL_RCC_GetHCLKFreq
 .text.HAL_RCC_GetPCLK1Freq
                0x0000000008007804       0x28 ./Drivers/STM32F4xx_HAL_Driver/Src/stm32f4xx_hal_rcc.o
                0x0000000008007804                HAL_RCC_GetPCLK1Freq
 .text.HAL_RCC_GetPCLK2Freq
                0x000000000800782c       0x28 ./Drivers/STM32F4xx_HAL_Driver/Src/stm32f4xx_hal_rcc.o
                0x000000000800782c                HAL_RCC_GetPCLK2Freq
 .text.HAL_RCC_GetClockConfig
                0x0000000008007854       0x64 ./Drivers/STM32F4xx_HAL_Driver/Src/stm32f4xx_hal_rcc.o
                0x0000000008007854                HAL_RCC_GetClockConfig
 .text.HAL_RCCEx_PeriphCLKConfig
                0x00000000080078b8      0x380 ./Drivers/STM32F4xx_HAL_Driver/Src/stm32f4xx_hal_rcc_ex.o
                0x00000000080078b8                HAL_RCCEx_PeriphCLKConfig
 .text.HAL_SDRAM_Init
                0x0000000008007c38       0x68 ./Drivers/STM32F4xx_HAL_Driver/Src/stm32f4xx_hal_sdram.o
                0x0000000008007c38                HAL_SDRAM_Init
 .text.HAL_SDRAM_SendCommand
                0x0000000008007ca0       0x6a ./Drivers/STM32F4xx_HAL_Driver/Src/stm32f4xx_hal_sdram.o
                0x0000000008007ca0                HAL_SDRAM_SendCommand
 .text.HAL_SDRAM_ProgramRefreshRate
                0x0000000008007d0a       0x50 ./Drivers/STM32F4xx_HAL_Driver/Src/stm32f4xx_hal_sdram.o
                0x0000000008007d0a                HAL_SDRAM_ProgramRefreshRate
 .text.HAL_SPI_Init
                0x0000000008007d5a      0x112 ./Drivers/STM32F4xx_HAL_Driver/Src/stm32f4xx_hal_spi.o
                0x0000000008007d5a                HAL_SPI_Init
 .text.HAL_SPI_DeInit
                0x0000000008007e6c       0x50 ./Drivers/STM32F4xx_HAL_Driver/Src/stm32f4xx_hal_spi.o
                0x0000000008007e6c                HAL_SPI_DeInit
 .text.HAL_SPI_Transmit
                0x0000000008007ebc      0x278 ./Drivers/STM32F4xx_HAL_Driver/Src/stm32f4xx_hal_spi.o
                0x0000000008007ebc                HAL_SPI_Transmit
 .text.HAL_SPI_Receive
                0x0000000008008134      0x222 ./Drivers/STM32F4xx_HAL_Driver/Src/stm32f4xx_hal_spi.o
                0x0000000008008134                HAL_SPI_Receive
 .text.HAL_SPI_TransmitReceive
                0x0000000008008356      0x344 ./Drivers/STM32F4xx_HAL_Driver/Src/stm32f4xx_hal_spi.o
                0x0000000008008356                HAL_SPI_TransmitReceive
 .text.HAL_SPI_GetState
                0x000000000800869a       0x1c ./Drivers/STM32F4xx_HAL_Driver/Src/stm32f4xx_hal_spi.o
                0x000000000800869a                HAL_SPI_GetState
 *fill*         0x00000000080086b6        0x2 
 .text.SPI_WaitFlagStateUntilTimeout
                0x00000000080086b8      0x110 ./Drivers/STM32F4xx_HAL_Driver/Src/stm32f4xx_hal_spi.o
 .text.SPI_EndRxTransaction
                0x00000000080087c8       0xca ./Drivers/STM32F4xx_HAL_Driver/Src/stm32f4xx_hal_spi.o
 *fill*         0x0000000008008892        0x2 
 .text.SPI_EndRxTxTransaction
                0x0000000008008894       0x84 ./Drivers/STM32F4xx_HAL_Driver/Src/stm32f4xx_hal_spi.o
 .text.HAL_TIM_Base_Init
                0x0000000008008918       0x9e ./Drivers/STM32F4xx_HAL_Driver/Src/stm32f4xx_hal_tim.o
                0x0000000008008918                HAL_TIM_Base_Init
 *fill*         0x00000000080089b6        0x2 
 .text.HAL_TIM_Base_Start_IT
                0x00000000080089b8       0xe0 ./Drivers/STM32F4xx_HAL_Driver/Src/stm32f4xx_hal_tim.o
                0x00000000080089b8                HAL_TIM_Base_Start_IT
 .text.HAL_TIM_IRQHandler
                0x0000000008008a98      0x210 ./Drivers/STM32F4xx_HAL_Driver/Src/stm32f4xx_hal_tim.o
                0x0000000008008a98                HAL_TIM_IRQHandler
 .text.HAL_TIM_ConfigClockSource
                0x0000000008008ca8      0x18e ./Drivers/STM32F4xx_HAL_Driver/Src/stm32f4xx_hal_tim.o
                0x0000000008008ca8                HAL_TIM_ConfigClockSource
 .text.HAL_TIM_OC_DelayElapsedCallback
                0x0000000008008e36       0x14 ./Drivers/STM32F4xx_HAL_Driver/Src/stm32f4xx_hal_tim.o
                0x0000000008008e36                HAL_TIM_OC_DelayElapsedCallback
 .text.HAL_TIM_IC_CaptureCallback
                0x0000000008008e4a       0x14 ./Drivers/STM32F4xx_HAL_Driver/Src/stm32f4xx_hal_tim.o
                0x0000000008008e4a                HAL_TIM_IC_CaptureCallback
 .text.HAL_TIM_PWM_PulseFinishedCallback
                0x0000000008008e5e       0x14 ./Drivers/STM32F4xx_HAL_Driver/Src/stm32f4xx_hal_tim.o
                0x0000000008008e5e                HAL_TIM_PWM_PulseFinishedCallback
 .text.HAL_TIM_TriggerCallback
                0x0000000008008e72       0x14 ./Drivers/STM32F4xx_HAL_Driver/Src/stm32f4xx_hal_tim.o
                0x0000000008008e72                HAL_TIM_TriggerCallback
 *fill*         0x0000000008008e86        0x2 
 .text.TIM_Base_SetConfig
                0x0000000008008e88      0x140 ./Drivers/STM32F4xx_HAL_Driver/Src/stm32f4xx_hal_tim.o
                0x0000000008008e88                TIM_Base_SetConfig
 .text.TIM_TI1_ConfigInputStage
                0x0000000008008fc8       0x5e ./Drivers/STM32F4xx_HAL_Driver/Src/stm32f4xx_hal_tim.o
 .text.TIM_TI2_ConfigInputStage
                0x0000000008009026       0x60 ./Drivers/STM32F4xx_HAL_Driver/Src/stm32f4xx_hal_tim.o
 .text.TIM_ITRx_SetConfig
                0x0000000008009086       0x36 ./Drivers/STM32F4xx_HAL_Driver/Src/stm32f4xx_hal_tim.o
 .text.TIM_ETR_SetConfig
                0x00000000080090bc       0x40 ./Drivers/STM32F4xx_HAL_Driver/Src/stm32f4xx_hal_tim.o
                0x00000000080090bc                TIM_ETR_SetConfig
 .text.HAL_TIMEx_MasterConfigSynchronization
                0x00000000080090fc       0xf8 ./Drivers/STM32F4xx_HAL_Driver/Src/stm32f4xx_hal_tim_ex.o
                0x00000000080090fc                HAL_TIMEx_MasterConfigSynchronization
 .text.HAL_TIMEx_CommutCallback
                0x00000000080091f4       0x14 ./Drivers/STM32F4xx_HAL_Driver/Src/stm32f4xx_hal_tim_ex.o
                0x00000000080091f4                HAL_TIMEx_CommutCallback
 .text.HAL_TIMEx_BreakCallback
                0x0000000008009208       0x14 ./Drivers/STM32F4xx_HAL_Driver/Src/stm32f4xx_hal_tim_ex.o
                0x0000000008009208                HAL_TIMEx_BreakCallback
 .text.HAL_UART_Init
                0x000000000800921c       0x9a ./Drivers/STM32F4xx_HAL_Driver/Src/stm32f4xx_hal_uart.o
                0x000000000800921c                HAL_UART_Init
 *fill*         0x00000000080092b6        0x2 
 .text.UART_SetConfig
                0x00000000080092b8      0x4e8 ./Drivers/STM32F4xx_HAL_Driver/Src/stm32f4xx_hal_uart.o
 .text.FMC_SDRAM_Init
                0x00000000080097a0       0xba ./Drivers/STM32F4xx_HAL_Driver/Src/stm32f4xx_ll_fmc.o
                0x00000000080097a0                FMC_SDRAM_Init
 .text.FMC_SDRAM_Timing_Init
                0x000000000800985a       0xd2 ./Drivers/STM32F4xx_HAL_Driver/Src/stm32f4xx_ll_fmc.o
                0x000000000800985a                FMC_SDRAM_Timing_Init
 .text.FMC_SDRAM_SendCommand
                0x000000000800992c       0x7a ./Drivers/STM32F4xx_HAL_Driver/Src/stm32f4xx_ll_fmc.o
                0x000000000800992c                FMC_SDRAM_SendCommand
 .text.FMC_SDRAM_ProgramRefreshRate
                0x00000000080099a6       0x2e ./Drivers/STM32F4xx_HAL_Driver/Src/stm32f4xx_ll_fmc.o
                0x00000000080099a6                FMC_SDRAM_ProgramRefreshRate
 .text.USB_CoreInit
                0x00000000080099d4       0xc2 ./Drivers/STM32F4xx_HAL_Driver/Src/stm32f4xx_ll_usb.o
                0x00000000080099d4                USB_CoreInit
 .text.USB_EnableGlobalInt
                0x0000000008009a96       0x22 ./Drivers/STM32F4xx_HAL_Driver/Src/stm32f4xx_ll_usb.o
                0x0000000008009a96                USB_EnableGlobalInt
 .text.USB_DisableGlobalInt
                0x0000000008009ab8       0x22 ./Drivers/STM32F4xx_HAL_Driver/Src/stm32f4xx_ll_usb.o
                0x0000000008009ab8                USB_DisableGlobalInt
 .text.USB_SetCurrentMode
                0x0000000008009ada       0x98 ./Drivers/STM32F4xx_HAL_Driver/Src/stm32f4xx_ll_usb.o
                0x0000000008009ada                USB_SetCurrentMode
 *fill*         0x0000000008009b72        0x2 
 .text.USB_FlushTxFifo
                0x0000000008009b74       0x68 ./Drivers/STM32F4xx_HAL_Driver/Src/stm32f4xx_ll_usb.o
                0x0000000008009b74                USB_FlushTxFifo
 .text.USB_FlushRxFifo
                0x0000000008009bdc       0x60 ./Drivers/STM32F4xx_HAL_Driver/Src/stm32f4xx_ll_usb.o
                0x0000000008009bdc                USB_FlushRxFifo
 .text.USB_WritePacket
                0x0000000008009c3c       0x7c ./Drivers/STM32F4xx_HAL_Driver/Src/stm32f4xx_ll_usb.o
                0x0000000008009c3c                USB_WritePacket
 .text.USB_ReadPacket
                0x0000000008009cb8       0xb0 ./Drivers/STM32F4xx_HAL_Driver/Src/stm32f4xx_ll_usb.o
                0x0000000008009cb8                USB_ReadPacket
 .text.USB_ReadInterrupts
                0x0000000008009d68       0x26 ./Drivers/STM32F4xx_HAL_Driver/Src/stm32f4xx_ll_usb.o
                0x0000000008009d68                USB_ReadInterrupts
 .text.USB_GetMode
                0x0000000008009d8e       0x1c ./Drivers/STM32F4xx_HAL_Driver/Src/stm32f4xx_ll_usb.o
                0x0000000008009d8e                USB_GetMode
 *fill*         0x0000000008009daa        0x2 
 .text.USB_CoreReset
                0x0000000008009dac       0x68 ./Drivers/STM32F4xx_HAL_Driver/Src/stm32f4xx_ll_usb.o
 .text.USB_HostInit
                0x0000000008009e14      0x180 ./Drivers/STM32F4xx_HAL_Driver/Src/stm32f4xx_ll_usb.o
                0x0000000008009e14                USB_HostInit
 .text.USB_InitFSLSPClkSel
                0x0000000008009f94       0x74 ./Drivers/STM32F4xx_HAL_Driver/Src/stm32f4xx_ll_usb.o
                0x0000000008009f94                USB_InitFSLSPClkSel
 .text.USB_ResetPort
                0x000000000800a008       0x54 ./Drivers/STM32F4xx_HAL_Driver/Src/stm32f4xx_ll_usb.o
                0x000000000800a008                USB_ResetPort
 .text.USB_DriveVbus
                0x000000000800a05c       0x72 ./Drivers/STM32F4xx_HAL_Driver/Src/stm32f4xx_ll_usb.o
                0x000000000800a05c                USB_DriveVbus
 .text.USB_GetHostSpeed
                0x000000000800a0ce       0x2e ./Drivers/STM32F4xx_HAL_Driver/Src/stm32f4xx_ll_usb.o
                0x000000000800a0ce                USB_GetHostSpeed
 .text.USB_GetCurrentFrame
                0x000000000800a0fc       0x22 ./Drivers/STM32F4xx_HAL_Driver/Src/stm32f4xx_ll_usb.o
                0x000000000800a0fc                USB_GetCurrentFrame
 *fill*         0x000000000800a11e        0x2 
 .text.USB_HC_Init
                0x000000000800a120      0x244 ./Drivers/STM32F4xx_HAL_Driver/Src/stm32f4xx_ll_usb.o
                0x000000000800a120                USB_HC_Init
 .text.USB_HC_StartXfer
                0x000000000800a364      0x284 ./Drivers/STM32F4xx_HAL_Driver/Src/stm32f4xx_ll_usb.o
                0x000000000800a364                USB_HC_StartXfer
 .text.USB_HC_ReadInterrupt
                0x000000000800a5e8       0x22 ./Drivers/STM32F4xx_HAL_Driver/Src/stm32f4xx_ll_usb.o
                0x000000000800a5e8                USB_HC_ReadInterrupt
 .text.USB_HC_Halt
                0x000000000800a60a      0x1f8 ./Drivers/STM32F4xx_HAL_Driver/Src/stm32f4xx_ll_usb.o
                0x000000000800a60a                USB_HC_Halt
 *fill*         0x000000000800a802        0x2 
 .text.USB_DoPing
                0x000000000800a804       0x78 ./Drivers/STM32F4xx_HAL_Driver/Src/stm32f4xx_ll_usb.o
                0x000000000800a804                USB_DoPing
 .text.USB_StopHost
                0x000000000800a87c      0x124 ./Drivers/STM32F4xx_HAL_Driver/Src/stm32f4xx_ll_usb.o
                0x000000000800a87c                USB_StopHost
 .text.USBH_CDC_InterfaceInit
                0x000000000800a9a0      0x2ac ./Middlewares/ST/STM32_USB_Host_Library/Class/CDC/Src/usbh_cdc.o
 .text.USBH_CDC_InterfaceDeInit
                0x000000000800ac4c       0xb2 ./Middlewares/ST/STM32_USB_Host_Library/Class/CDC/Src/usbh_cdc.o
 .text.USBH_CDC_ClassRequest
                0x000000000800acfe       0x3e ./Middlewares/ST/STM32_USB_Host_Library/Class/CDC/Src/usbh_cdc.o
 .text.USBH_CDC_Process
                0x000000000800ad3c      0x12c ./Middlewares/ST/STM32_USB_Host_Library/Class/CDC/Src/usbh_cdc.o
 .text.USBH_CDC_SOFProcess
                0x000000000800ae68       0x16 ./Middlewares/ST/STM32_USB_Host_Library/Class/CDC/Src/usbh_cdc.o
 .text.GetLineCoding
                0x000000000800ae7e       0x3e ./Middlewares/ST/STM32_USB_Host_Library/Class/CDC/Src/usbh_cdc.o
 .text.SetLineCoding
                0x000000000800aebc       0x3e ./Middlewares/ST/STM32_USB_Host_Library/Class/CDC/Src/usbh_cdc.o
 .text.CDC_ProcessTransmission
                0x000000000800aefa       0xec ./Middlewares/ST/STM32_USB_Host_Library/Class/CDC/Src/usbh_cdc.o
 .text.CDC_ProcessReception
                0x000000000800afe6       0xb6 ./Middlewares/ST/STM32_USB_Host_Library/Class/CDC/Src/usbh_cdc.o
 .text.USBH_CDC_TransmitCallback
                0x000000000800b09c       0x14 ./Middlewares/ST/STM32_USB_Host_Library/Class/CDC/Src/usbh_cdc.o
                0x000000000800b09c                USBH_CDC_TransmitCallback
 .text.USBH_CDC_ReceiveCallback
                0x000000000800b0b0       0x14 ./Middlewares/ST/STM32_USB_Host_Library/Class/CDC/Src/usbh_cdc.o
                0x000000000800b0b0                USBH_CDC_ReceiveCallback
 .text.USBH_CDC_LineCodingChanged
                0x000000000800b0c4       0x14 ./Middlewares/ST/STM32_USB_Host_Library/Class/CDC/Src/usbh_cdc.o
                0x000000000800b0c4                USBH_CDC_LineCodingChanged
 .text.USBH_Init
                0x000000000800b0d8       0x74 ./Middlewares/ST/STM32_USB_Host_Library/Core/Src/usbh_core.o
                0x000000000800b0d8                USBH_Init
 .text.DeInitStateMachine
                0x000000000800b14c       0xa8 ./Middlewares/ST/STM32_USB_Host_Library/Core/Src/usbh_core.o
 .text.USBH_RegisterClass
                0x000000000800b1f4       0x54 ./Middlewares/ST/STM32_USB_Host_Library/Core/Src/usbh_core.o
                0x000000000800b1f4                USBH_RegisterClass
 .text.USBH_SelectInterface
                0x000000000800b248       0x38 ./Middlewares/ST/STM32_USB_Host_Library/Core/Src/usbh_core.o
                0x000000000800b248                USBH_SelectInterface
 .text.USBH_FindInterface
                0x000000000800b280       0x8c ./Middlewares/ST/STM32_USB_Host_Library/Core/Src/usbh_core.o
                0x000000000800b280                USBH_FindInterface
 .text.USBH_Start
                0x000000000800b30c       0x20 ./Middlewares/ST/STM32_USB_Host_Library/Core/Src/usbh_core.o
                0x000000000800b30c                USBH_Start
 .text.USBH_Process
                0x000000000800b32c      0x3d8 ./Middlewares/ST/STM32_USB_Host_Library/Core/Src/usbh_core.o
                0x000000000800b32c                USBH_Process
 .text.USBH_HandleEnum
                0x000000000800b704      0x3c8 ./Middlewares/ST/STM32_USB_Host_Library/Core/Src/usbh_core.o
 .text.USBH_LL_SetTimer
                0x000000000800bacc       0x1e ./Middlewares/ST/STM32_USB_Host_Library/Core/Src/usbh_core.o
                0x000000000800bacc                USBH_LL_SetTimer
 .text.USBH_LL_IncTimer
                0x000000000800baea       0x24 ./Middlewares/ST/STM32_USB_Host_Library/Core/Src/usbh_core.o
                0x000000000800baea                USBH_LL_IncTimer
 .text.USBH_HandleSof
                0x000000000800bb0e       0x30 ./Middlewares/ST/STM32_USB_Host_Library/Core/Src/usbh_core.o
 .text.USBH_LL_PortEnabled
                0x000000000800bb3e       0x1c ./Middlewares/ST/STM32_USB_Host_Library/Core/Src/usbh_core.o
                0x000000000800bb3e                USBH_LL_PortEnabled
 .text.USBH_LL_PortDisabled
                0x000000000800bb5a       0x1c ./Middlewares/ST/STM32_USB_Host_Library/Core/Src/usbh_core.o
                0x000000000800bb5a                USBH_LL_PortDisabled
 .text.USBH_LL_Connect
                0x000000000800bb76       0x2e ./Middlewares/ST/STM32_USB_Host_Library/Core/Src/usbh_core.o
                0x000000000800bb76                USBH_LL_Connect
 .text.USBH_LL_Disconnect
                0x000000000800bba4       0x48 ./Middlewares/ST/STM32_USB_Host_Library/Core/Src/usbh_core.o
                0x000000000800bba4                USBH_LL_Disconnect
 .text.USBH_Get_DevDesc
                0x000000000800bbec       0x50 ./Middlewares/ST/STM32_USB_Host_Library/Core/Src/usbh_ctlreq.o
                0x000000000800bbec                USBH_Get_DevDesc
 .text.USBH_Get_CfgDesc
                0x000000000800bc3c       0x48 ./Middlewares/ST/STM32_USB_Host_Library/Core/Src/usbh_ctlreq.o
                0x000000000800bc3c                USBH_Get_CfgDesc
 .text.USBH_Get_StringDesc
                0x000000000800bc84       0x56 ./Middlewares/ST/STM32_USB_Host_Library/Core/Src/usbh_ctlreq.o
                0x000000000800bc84                USBH_Get_StringDesc
 .text.USBH_GetDescriptor
                0x000000000800bcda       0x6a ./Middlewares/ST/STM32_USB_Host_Library/Core/Src/usbh_ctlreq.o
                0x000000000800bcda                USBH_GetDescriptor
 .text.USBH_SetAddress
                0x000000000800bd44       0x48 ./Middlewares/ST/STM32_USB_Host_Library/Core/Src/usbh_ctlreq.o
                0x000000000800bd44                USBH_SetAddress
 .text.USBH_SetCfg
                0x000000000800bd8c       0x46 ./Middlewares/ST/STM32_USB_Host_Library/Core/Src/usbh_ctlreq.o
                0x000000000800bd8c                USBH_SetCfg
 .text.USBH_SetFeature
                0x000000000800bdd2       0x48 ./Middlewares/ST/STM32_USB_Host_Library/Core/Src/usbh_ctlreq.o
                0x000000000800bdd2                USBH_SetFeature
 .text.USBH_ClrFeature
                0x000000000800be1a       0x48 ./Middlewares/ST/STM32_USB_Host_Library/Core/Src/usbh_ctlreq.o
                0x000000000800be1a                USBH_ClrFeature
 .text.USBH_ParseDevDesc
                0x000000000800be62      0x122 ./Middlewares/ST/STM32_USB_Host_Library/Core/Src/usbh_ctlreq.o
 .text.USBH_ParseCfgDesc
                0x000000000800bf84      0x1ec ./Middlewares/ST/STM32_USB_Host_Library/Core/Src/usbh_ctlreq.o
 .text.USBH_ParseInterfaceDesc
                0x000000000800c170       0x5e ./Middlewares/ST/STM32_USB_Host_Library/Core/Src/usbh_ctlreq.o
 .text.USBH_ParseEPDesc
                0x000000000800c1ce      0x14a ./Middlewares/ST/STM32_USB_Host_Library/Core/Src/usbh_ctlreq.o
 .text.USBH_ParseStringDesc
                0x000000000800c318       0x66 ./Middlewares/ST/STM32_USB_Host_Library/Core/Src/usbh_ctlreq.o
 .text.USBH_GetNextDesc
                0x000000000800c37e       0x36 ./Middlewares/ST/STM32_USB_Host_Library/Core/Src/usbh_ctlreq.o
                0x000000000800c37e                USBH_GetNextDesc
 .text.USBH_CtlReq
                0x000000000800c3b4       0x7a ./Middlewares/ST/STM32_USB_Host_Library/Core/Src/usbh_ctlreq.o
                0x000000000800c3b4                USBH_CtlReq
 *fill*         0x000000000800c42e        0x2 
 .text.USBH_HandleControl
                0x000000000800c430      0x2e8 ./Middlewares/ST/STM32_USB_Host_Library/Core/Src/usbh_ctlreq.o
 .text.USBH_CtlSendSetup
                0x000000000800c718       0x34 ./Middlewares/ST/STM32_USB_Host_Library/Core/Src/usbh_ioreq.o
                0x000000000800c718                USBH_CtlSendSetup
 .text.USBH_CtlSendData
                0x000000000800c74c       0x4a ./Middlewares/ST/STM32_USB_Host_Library/Core/Src/usbh_ioreq.o
                0x000000000800c74c                USBH_CtlSendData
 .text.USBH_CtlReceiveData
                0x000000000800c796       0x3c ./Middlewares/ST/STM32_USB_Host_Library/Core/Src/usbh_ioreq.o
                0x000000000800c796                USBH_CtlReceiveData
 .text.USBH_BulkSendData
                0x000000000800c7d2       0x4a ./Middlewares/ST/STM32_USB_Host_Library/Core/Src/usbh_ioreq.o
                0x000000000800c7d2                USBH_BulkSendData
 .text.USBH_BulkReceiveData
                0x000000000800c81c       0x3c ./Middlewares/ST/STM32_USB_Host_Library/Core/Src/usbh_ioreq.o
                0x000000000800c81c                USBH_BulkReceiveData
 .text.USBH_OpenPipe
                0x000000000800c858       0x3e ./Middlewares/ST/STM32_USB_Host_Library/Core/Src/usbh_pipes.o
                0x000000000800c858                USBH_OpenPipe
 .text.USBH_ClosePipe
                0x000000000800c896       0x20 ./Middlewares/ST/STM32_USB_Host_Library/Core/Src/usbh_pipes.o
                0x000000000800c896                USBH_ClosePipe
 .text.USBH_AllocPipe
                0x000000000800c8b6       0x42 ./Middlewares/ST/STM32_USB_Host_Library/Core/Src/usbh_pipes.o
                0x000000000800c8b6                USBH_AllocPipe
 .text.USBH_FreePipe
                0x000000000800c8f8       0x3c ./Middlewares/ST/STM32_USB_Host_Library/Core/Src/usbh_pipes.o
                0x000000000800c8f8                USBH_FreePipe
 .text.USBH_GetFreePipe
                0x000000000800c934       0x48 ./Middlewares/ST/STM32_USB_Host_Library/Core/Src/usbh_pipes.o
 .text.MX_USB_HOST_Init
                0x000000000800c97c       0x4c ./USB_HOST/App/usb_host.o
                0x000000000800c97c                MX_USB_HOST_Init
 .text.MX_USB_HOST_Process
                0x000000000800c9c8       0x14 ./USB_HOST/App/usb_host.o
                0x000000000800c9c8                MX_USB_HOST_Process
 .text.USBH_UserProcess
                0x000000000800c9dc       0x5c ./USB_HOST/App/usb_host.o
 .text.HAL_HCD_MspInit
                0x000000000800ca38       0xbc ./USB_HOST/Target/usbh_conf.o
                0x000000000800ca38                HAL_HCD_MspInit
 .text.HAL_HCD_SOF_Callback
                0x000000000800caf4       0x1c ./USB_HOST/Target/usbh_conf.o
                0x000000000800caf4                HAL_HCD_SOF_Callback
 .text.HAL_HCD_Connect_Callback
                0x000000000800cb10       0x1c ./USB_HOST/Target/usbh_conf.o
                0x000000000800cb10                HAL_HCD_Connect_Callback
 .text.HAL_HCD_Disconnect_Callback
                0x000000000800cb2c       0x1c ./USB_HOST/Target/usbh_conf.o
                0x000000000800cb2c                HAL_HCD_Disconnect_Callback
 .text.HAL_HCD_HC_NotifyURBChange_Callback
                0x000000000800cb48       0x1c ./USB_HOST/Target/usbh_conf.o
                0x000000000800cb48                HAL_HCD_HC_NotifyURBChange_Callback
 .text.HAL_HCD_PortEnabled_Callback
                0x000000000800cb64       0x1c ./USB_HOST/Target/usbh_conf.o
                0x000000000800cb64                HAL_HCD_PortEnabled_Callback
 .text.HAL_HCD_PortDisabled_Callback
                0x000000000800cb80       0x1c ./USB_HOST/Target/usbh_conf.o
                0x000000000800cb80                HAL_HCD_PortDisabled_Callback
 .text.USBH_LL_Init
                0x000000000800cb9c       0x8c ./USB_HOST/Target/usbh_conf.o
                0x000000000800cb9c                USBH_LL_Init
 .text.USBH_LL_Start
                0x000000000800cc28       0x36 ./USB_HOST/Target/usbh_conf.o
                0x000000000800cc28                USBH_LL_Start
 .text.USBH_LL_Stop
                0x000000000800cc5e       0x36 ./USB_HOST/Target/usbh_conf.o
                0x000000000800cc5e                USBH_LL_Stop
 .text.USBH_LL_GetSpeed
                0x000000000800cc94       0x4e ./USB_HOST/Target/usbh_conf.o
                0x000000000800cc94                USBH_LL_GetSpeed
 .text.USBH_LL_ResetPort
                0x000000000800cce2       0x36 ./USB_HOST/Target/usbh_conf.o
                0x000000000800cce2                USBH_LL_ResetPort
 .text.USBH_LL_GetLastXferSize
                0x000000000800cd18       0x26 ./USB_HOST/Target/usbh_conf.o
                0x000000000800cd18                USBH_LL_GetLastXferSize
 .text.USBH_LL_OpenPipe
                0x000000000800cd3e       0x5e ./USB_HOST/Target/usbh_conf.o
                0x000000000800cd3e                USBH_LL_OpenPipe
 .text.USBH_LL_ClosePipe
                0x000000000800cd9c       0x3e ./USB_HOST/Target/usbh_conf.o
                0x000000000800cd9c                USBH_LL_ClosePipe
 .text.USBH_LL_SubmitURB
                0x000000000800cdda       0x62 ./USB_HOST/Target/usbh_conf.o
                0x000000000800cdda                USBH_LL_SubmitURB
 .text.USBH_LL_GetURBState
                0x000000000800ce3c       0x26 ./USB_HOST/Target/usbh_conf.o
                0x000000000800ce3c                USBH_LL_GetURBState
 .text.USBH_LL_DriverVBUS
                0x000000000800ce62       0x2e ./USB_HOST/Target/usbh_conf.o
                0x000000000800ce62                USBH_LL_DriverVBUS
 .text.USBH_LL_SetToggle
                0x000000000800ce90       0x60 ./USB_HOST/Target/usbh_conf.o
                0x000000000800ce90                USBH_LL_SetToggle
 .text.USBH_Delay
                0x000000000800cef0       0x16 ./USB_HOST/Target/usbh_conf.o
                0x000000000800cef0                USBH_Delay
 *fill*         0x000000000800cf06        0x2 
 .text.USBH_Get_USB_Status
                0x000000000800cf08       0x58 ./USB_HOST/Target/usbh_conf.o
                0x000000000800cf08                USBH_Get_USB_Status
 .text.MX_DriverVbusHS
                0x000000000800cf60       0x38 ./USB_HOST/Target/usbh_platform.o
                0x000000000800cf60                MX_DriverVbusHS
 .text.__errno  0x000000000800cf98        0xc c:/st/stm32cubeide_1.11.0/stm32cubeide/plugins/com.st.stm32cube.ide.mcu.externaltools.gnu-tools-for-stm32.10.3-2021.10.win32_1.0.100.202210260954/tools/bin/../lib/gcc/arm-none-eabi/10.3.1/../../../../arm-none-eabi/lib/thumb/v7e-m+fp/hard\libc_nano.a(lib_a-errno.o)
                0x000000000800cf98                __errno
 .text.__libc_init_array
                0x000000000800cfa4       0x48 c:/st/stm32cubeide_1.11.0/stm32cubeide/plugins/com.st.stm32cube.ide.mcu.externaltools.gnu-tools-for-stm32.10.3-2021.10.win32_1.0.100.202210260954/tools/bin/../lib/gcc/arm-none-eabi/10.3.1/../../../../arm-none-eabi/lib/thumb/v7e-m+fp/hard\libc_nano.a(lib_a-init.o)
                0x000000000800cfa4                __libc_init_array
 .text.malloc   0x000000000800cfec       0x10 c:/st/stm32cubeide_1.11.0/stm32cubeide/plugins/com.st.stm32cube.ide.mcu.externaltools.gnu-tools-for-stm32.10.3-2021.10.win32_1.0.100.202210260954/tools/bin/../lib/gcc/arm-none-eabi/10.3.1/../../../../arm-none-eabi/lib/thumb/v7e-m+fp/hard\libc_nano.a(lib_a-malloc.o)
                0x000000000800cfec                malloc
 .text.free     0x000000000800cffc       0x10 c:/st/stm32cubeide_1.11.0/stm32cubeide/plugins/com.st.stm32cube.ide.mcu.externaltools.gnu-tools-for-stm32.10.3-2021.10.win32_1.0.100.202210260954/tools/bin/../lib/gcc/arm-none-eabi/10.3.1/../../../../arm-none-eabi/lib/thumb/v7e-m+fp/hard\libc_nano.a(lib_a-malloc.o)
                0x000000000800cffc                free
 .text.memcmp   0x000000000800d00c       0x20 c:/st/stm32cubeide_1.11.0/stm32cubeide/plugins/com.st.stm32cube.ide.mcu.externaltools.gnu-tools-for-stm32.10.3-2021.10.win32_1.0.100.202210260954/tools/bin/../lib/gcc/arm-none-eabi/10.3.1/../../../../arm-none-eabi/lib/thumb/v7e-m+fp/hard\libc_nano.a(lib_a-memcmp.o)
                0x000000000800d00c                memcmp
 .text.memcpy   0x000000000800d02c       0x1c c:/st/stm32cubeide_1.11.0/stm32cubeide/plugins/com.st.stm32cube.ide.mcu.externaltools.gnu-tools-for-stm32.10.3-2021.10.win32_1.0.100.202210260954/tools/bin/../lib/gcc/arm-none-eabi/10.3.1/../../../../arm-none-eabi/lib/thumb/v7e-m+fp/hard\libc_nano.a(lib_a-memcpy-stub.o)
                0x000000000800d02c                memcpy
 .text.memset   0x000000000800d048       0x10 c:/st/stm32cubeide_1.11.0/stm32cubeide/plugins/com.st.stm32cube.ide.mcu.externaltools.gnu-tools-for-stm32.10.3-2021.10.win32_1.0.100.202210260954/tools/bin/../lib/gcc/arm-none-eabi/10.3.1/../../../../arm-none-eabi/lib/thumb/v7e-m+fp/hard\libc_nano.a(lib_a-memset.o)
                0x000000000800d048                memset
 .text._free_r  0x000000000800d058       0x98 c:/st/stm32cubeide_1.11.0/stm32cubeide/plugins/com.st.stm32cube.ide.mcu.externaltools.gnu-tools-for-stm32.10.3-2021.10.win32_1.0.100.202210260954/tools/bin/../lib/gcc/arm-none-eabi/10.3.1/../../../../arm-none-eabi/lib/thumb/v7e-m+fp/hard\libc_nano.a(lib_a-nano-freer.o)
                0x000000000800d058                _free_r
 .text.sbrk_aligned
                0x000000000800d0f0       0x40 c:/st/stm32cubeide_1.11.0/stm32cubeide/plugins/com.st.stm32cube.ide.mcu.externaltools.gnu-tools-for-stm32.10.3-2021.10.win32_1.0.100.202210260954/tools/bin/../lib/gcc/arm-none-eabi/10.3.1/../../../../arm-none-eabi/lib/thumb/v7e-m+fp/hard\libc_nano.a(lib_a-nano-mallocr.o)
 .text._malloc_r
                0x000000000800d130       0xe8 c:/st/stm32cubeide_1.11.0/stm32cubeide/plugins/com.st.stm32cube.ide.mcu.externaltools.gnu-tools-for-stm32.10.3-2021.10.win32_1.0.100.202210260954/tools/bin/../lib/gcc/arm-none-eabi/10.3.1/../../../../arm-none-eabi/lib/thumb/v7e-m+fp/hard\libc_nano.a(lib_a-nano-mallocr.o)
                0x000000000800d130                _malloc_r
 .text._sbrk_r  0x000000000800d218       0x20 c:/st/stm32cubeide_1.11.0/stm32cubeide/plugins/com.st.stm32cube.ide.mcu.externaltools.gnu-tools-for-stm32.10.3-2021.10.win32_1.0.100.202210260954/tools/bin/../lib/gcc/arm-none-eabi/10.3.1/../../../../arm-none-eabi/lib/thumb/v7e-m+fp/hard\libc_nano.a(lib_a-sbrkr.o)
                0x000000000800d218                _sbrk_r
 .text.sprintf  0x000000000800d238       0x40 c:/st/stm32cubeide_1.11.0/stm32cubeide/plugins/com.st.stm32cube.ide.mcu.externaltools.gnu-tools-for-stm32.10.3-2021.10.win32_1.0.100.202210260954/tools/bin/../lib/gcc/arm-none-eabi/10.3.1/../../../../arm-none-eabi/lib/thumb/v7e-m+fp/hard\libc_nano.a(lib_a-sprintf.o)
                0x000000000800d238                siprintf
                0x000000000800d238                sprintf
 .text.strcat   0x000000000800d278       0x1e c:/st/stm32cubeide_1.11.0/stm32cubeide/plugins/com.st.stm32cube.ide.mcu.externaltools.gnu-tools-for-stm32.10.3-2021.10.win32_1.0.100.202210260954/tools/bin/../lib/gcc/arm-none-eabi/10.3.1/../../../../arm-none-eabi/lib/thumb/v7e-m+fp/hard\libc_nano.a(lib_a-strcat.o)
                0x000000000800d278                strcat
 .text.strstr   0x000000000800d296       0x2c c:/st/stm32cubeide_1.11.0/stm32cubeide/plugins/com.st.stm32cube.ide.mcu.externaltools.gnu-tools-for-stm32.10.3-2021.10.win32_1.0.100.202210260954/tools/bin/../lib/gcc/arm-none-eabi/10.3.1/../../../../arm-none-eabi/lib/thumb/v7e-m+fp/hard\libc_nano.a(lib_a-strstr.o)
                0x000000000800d296                strstr
 *fill*         0x000000000800d2c2        0x2 
 .text.__malloc_lock
                0x000000000800d2c4        0xc c:/st/stm32cubeide_1.11.0/stm32cubeide/plugins/com.st.stm32cube.ide.mcu.externaltools.gnu-tools-for-stm32.10.3-2021.10.win32_1.0.100.202210260954/tools/bin/../lib/gcc/arm-none-eabi/10.3.1/../../../../arm-none-eabi/lib/thumb/v7e-m+fp/hard\libc_nano.a(lib_a-mlock.o)
                0x000000000800d2c4                __malloc_lock
 .text.__malloc_unlock
                0x000000000800d2d0        0xc c:/st/stm32cubeide_1.11.0/stm32cubeide/plugins/com.st.stm32cube.ide.mcu.externaltools.gnu-tools-for-stm32.10.3-2021.10.win32_1.0.100.202210260954/tools/bin/../lib/gcc/arm-none-eabi/10.3.1/../../../../arm-none-eabi/lib/thumb/v7e-m+fp/hard\libc_nano.a(lib_a-mlock.o)
                0x000000000800d2d0                __malloc_unlock
 .text.__ssputs_r
                0x000000000800d2dc       0xb6 c:/st/stm32cubeide_1.11.0/stm32cubeide/plugins/com.st.stm32cube.ide.mcu.externaltools.gnu-tools-for-stm32.10.3-2021.10.win32_1.0.100.202210260954/tools/bin/../lib/gcc/arm-none-eabi/10.3.1/../../../../arm-none-eabi/lib/thumb/v7e-m+fp/hard\libc_nano.a(lib_a-nano-svfprintf.o)
                0x000000000800d2dc                __ssputs_r
 *fill*         0x000000000800d392        0x2 
 .text._svfprintf_r
                0x000000000800d394      0x200 c:/st/stm32cubeide_1.11.0/stm32cubeide/plugins/com.st.stm32cube.ide.mcu.externaltools.gnu-tools-for-stm32.10.3-2021.10.win32_1.0.100.202210260954/tools/bin/../lib/gcc/arm-none-eabi/10.3.1/../../../../arm-none-eabi/lib/thumb/v7e-m+fp/hard\libc_nano.a(lib_a-nano-svfprintf.o)
                0x000000000800d394                _svfiprintf_r
                0x000000000800d394                _svfprintf_r
 .text._printf_common
                0x000000000800d594       0xda c:/st/stm32cubeide_1.11.0/stm32cubeide/plugins/com.st.stm32cube.ide.mcu.externaltools.gnu-tools-for-stm32.10.3-2021.10.win32_1.0.100.202210260954/tools/bin/../lib/gcc/arm-none-eabi/10.3.1/../../../../arm-none-eabi/lib/thumb/v7e-m+fp/hard\libc_nano.a(lib_a-nano-vfprintf_i.o)
                0x000000000800d594                _printf_common
 *fill*         0x000000000800d66e        0x2 
 .text._printf_i
                0x000000000800d670      0x24c c:/st/stm32cubeide_1.11.0/stm32cubeide/plugins/com.st.stm32cube.ide.mcu.externaltools.gnu-tools-for-stm32.10.3-2021.10.win32_1.0.100.202210260954/tools/bin/../lib/gcc/arm-none-eabi/10.3.1/../../../../arm-none-eabi/lib/thumb/v7e-m+fp/hard\libc_nano.a(lib_a-nano-vfprintf_i.o)
                0x000000000800d670                _printf_i
 .text.__retarget_lock_acquire_recursive
                0x000000000800d8bc        0x2 c:/st/stm32cubeide_1.11.0/stm32cubeide/plugins/com.st.stm32cube.ide.mcu.externaltools.gnu-tools-for-stm32.10.3-2021.10.win32_1.0.100.202210260954/tools/bin/../lib/gcc/arm-none-eabi/10.3.1/../../../../arm-none-eabi/lib/thumb/v7e-m+fp/hard\libc_nano.a(lib_a-lock.o)
                0x000000000800d8bc                __retarget_lock_acquire_recursive
 .text.__retarget_lock_release_recursive
                0x000000000800d8be        0x2 c:/st/stm32cubeide_1.11.0/stm32cubeide/plugins/com.st.stm32cube.ide.mcu.externaltools.gnu-tools-for-stm32.10.3-2021.10.win32_1.0.100.202210260954/tools/bin/../lib/gcc/arm-none-eabi/10.3.1/../../../../arm-none-eabi/lib/thumb/v7e-m+fp/hard\libc_nano.a(lib_a-lock.o)
                0x000000000800d8be                __retarget_lock_release_recursive
 .text.memmove  0x000000000800d8c0       0x34 c:/st/stm32cubeide_1.11.0/stm32cubeide/plugins/com.st.stm32cube.ide.mcu.externaltools.gnu-tools-for-stm32.10.3-2021.10.win32_1.0.100.202210260954/tools/bin/../lib/gcc/arm-none-eabi/10.3.1/../../../../arm-none-eabi/lib/thumb/v7e-m+fp/hard\libc_nano.a(lib_a-memmove.o)
                0x000000000800d8c0                memmove
 .text._realloc_r
                0x000000000800d8f4       0x5e c:/st/stm32cubeide_1.11.0/stm32cubeide/plugins/com.st.stm32cube.ide.mcu.externaltools.gnu-tools-for-stm32.10.3-2021.10.win32_1.0.100.202210260954/tools/bin/../lib/gcc/arm-none-eabi/10.3.1/../../../../arm-none-eabi/lib/thumb/v7e-m+fp/hard\libc_nano.a(lib_a-nano-reallocr.o)
                0x000000000800d8f4                _realloc_r
 .text._malloc_usable_size_r
                0x000000000800d952       0x10 c:/st/stm32cubeide_1.11.0/stm32cubeide/plugins/com.st.stm32cube.ide.mcu.externaltools.gnu-tools-for-stm32.10.3-2021.10.win32_1.0.100.202210260954/tools/bin/../lib/gcc/arm-none-eabi/10.3.1/../../../../arm-none-eabi/lib/thumb/v7e-m+fp/hard\libc_nano.a(lib_a-nano-msizer.o)
                0x000000000800d952                _malloc_usable_size_r
 *(.glue_7)
 .glue_7        0x000000000800d962        0x0 linker stubs
 *(.glue_7t)
 .glue_7t       0x000000000800d962        0x0 linker stubs
 *(.eh_frame)
 *fill*         0x000000000800d962        0x2 
 .eh_frame      0x000000000800d964        0x0 c:/st/stm32cubeide_1.11.0/stm32cubeide/plugins/com.st.stm32cube.ide.mcu.externaltools.gnu-tools-for-stm32.10.3-2021.10.win32_1.0.100.202210260954/tools/bin/../lib/gcc/arm-none-eabi/10.3.1/thumb/v7e-m+fp/hard/crtbegin.o
 *(.init)
 .init          0x000000000800d964        0x4 c:/st/stm32cubeide_1.11.0/stm32cubeide/plugins/com.st.stm32cube.ide.mcu.externaltools.gnu-tools-for-stm32.10.3-2021.10.win32_1.0.100.202210260954/tools/bin/../lib/gcc/arm-none-eabi/10.3.1/thumb/v7e-m+fp/hard/crti.o
                0x000000000800d964                _init
 .init          0x000000000800d968        0x8 c:/st/stm32cubeide_1.11.0/stm32cubeide/plugins/com.st.stm32cube.ide.mcu.externaltools.gnu-tools-for-stm32.10.3-2021.10.win32_1.0.100.202210260954/tools/bin/../lib/gcc/arm-none-eabi/10.3.1/thumb/v7e-m+fp/hard/crtn.o
 *(.fini)
 .fini          0x000000000800d970        0x4 c:/st/stm32cubeide_1.11.0/stm32cubeide/plugins/com.st.stm32cube.ide.mcu.externaltools.gnu-tools-for-stm32.10.3-2021.10.win32_1.0.100.202210260954/tools/bin/../lib/gcc/arm-none-eabi/10.3.1/thumb/v7e-m+fp/hard/crti.o
                0x000000000800d970                _fini
 .fini          0x000000000800d974        0x8 c:/st/stm32cubeide_1.11.0/stm32cubeide/plugins/com.st.stm32cube.ide.mcu.externaltools.gnu-tools-for-stm32.10.3-2021.10.win32_1.0.100.202210260954/tools/bin/../lib/gcc/arm-none-eabi/10.3.1/thumb/v7e-m+fp/hard/crtn.o
                0x000000000800d97c                . = ALIGN (0x4)
                0x000000000800d97c                _etext = .

.vfp11_veneer   0x000000000800d97c        0x0
 .vfp11_veneer  0x000000000800d97c        0x0 linker stubs

.v4_bx          0x000000000800d97c        0x0
 .v4_bx         0x000000000800d97c        0x0 linker stubs

.iplt           0x000000000800d97c        0x0
 .iplt          0x000000000800d97c        0x0 c:/st/stm32cubeide_1.11.0/stm32cubeide/plugins/com.st.stm32cube.ide.mcu.externaltools.gnu-tools-for-stm32.10.3-2021.10.win32_1.0.100.202210260954/tools/bin/../lib/gcc/arm-none-eabi/10.3.1/thumb/v7e-m+fp/hard/crtbegin.o

.rodata         0x000000000800d97c     0x2ce0
                0x000000000800d97c                . = ALIGN (0x4)
 *(.rodata)
 .rodata        0x000000000800d97c      0x5df ./Core/Src/ESP8266_HAL.o
 *fill*         0x000000000800df5b        0x1 
 .rodata        0x000000000800df5c        0xd ./Core/Src/main.o
 *fill*         0x000000000800df69        0x3 
 .rodata        0x000000000800df6c        0x4 ./Middlewares/ST/STM32_USB_Host_Library/Class/CDC/Src/usbh_cdc.o
 *(.rodata*)
 .rodata.AHBPrescTable
                0x000000000800df70       0x10 ./Core/Src/system_stm32f4xx.o
                0x000000000800df70                AHBPrescTable
 .rodata.APBPrescTable
                0x000000000800df80        0x8 ./Core/Src/system_stm32f4xx.o
                0x000000000800df80                APBPrescTable
 .rodata.Font24_Table
                0x000000000800df88     0x1ab8 ./Drivers/BSP/STM32F429I-Discovery/stm32f429i_discovery_lcd.o
                0x000000000800df88                Font24_Table
 .rodata.Font16_Table
                0x000000000800fa40      0xbe0 ./Drivers/BSP/STM32F429I-Discovery/stm32f429i_discovery_lcd.o
                0x000000000800fa40                Font16_Table
 .rodata.flagBitshiftOffset.0
                0x0000000008010620        0x8 ./Drivers/STM32F4xx_HAL_Driver/Src/stm32f4xx_hal_dma.o
 .rodata._svfprintf_r.str1.1
                0x0000000008010628       0x11 c:/st/stm32cubeide_1.11.0/stm32cubeide/plugins/com.st.stm32cube.ide.mcu.externaltools.gnu-tools-for-stm32.10.3-2021.10.win32_1.0.100.202210260954/tools/bin/../lib/gcc/arm-none-eabi/10.3.1/../../../../arm-none-eabi/lib/thumb/v7e-m+fp/hard\libc_nano.a(lib_a-nano-svfprintf.o)
 .rodata._printf_i.str1.1
                0x0000000008010639       0x22 c:/st/stm32cubeide_1.11.0/stm32cubeide/plugins/com.st.stm32cube.ide.mcu.externaltools.gnu-tools-for-stm32.10.3-2021.10.win32_1.0.100.202210260954/tools/bin/../lib/gcc/arm-none-eabi/10.3.1/../../../../arm-none-eabi/lib/thumb/v7e-m+fp/hard\libc_nano.a(lib_a-nano-vfprintf_i.o)
                0x000000000801065c                . = ALIGN (0x4)
 *fill*         0x000000000801065b        0x1 

.ARM.extab      0x000000000801065c        0x0
                0x000000000801065c                . = ALIGN (0x4)
 *(.ARM.extab* .gnu.linkonce.armextab.*)
                0x000000000801065c                . = ALIGN (0x4)

.ARM            0x000000000801065c        0x8
                0x000000000801065c                . = ALIGN (0x4)
                0x000000000801065c                __exidx_start = .
 *(.ARM.exidx*)
 .ARM.exidx     0x000000000801065c        0x8 c:/st/stm32cubeide_1.11.0/stm32cubeide/plugins/com.st.stm32cube.ide.mcu.externaltools.gnu-tools-for-stm32.10.3-2021.10.win32_1.0.100.202210260954/tools/bin/../lib/gcc/arm-none-eabi/10.3.1/thumb/v7e-m+fp/hard\libgcc.a(_udivmoddi4.o)
                0x0000000008010664                __exidx_end = .
                0x0000000008010664                . = ALIGN (0x4)

.rel.dyn        0x0000000008010664        0x0
 .rel.iplt      0x0000000008010664        0x0 c:/st/stm32cubeide_1.11.0/stm32cubeide/plugins/com.st.stm32cube.ide.mcu.externaltools.gnu-tools-for-stm32.10.3-2021.10.win32_1.0.100.202210260954/tools/bin/../lib/gcc/arm-none-eabi/10.3.1/thumb/v7e-m+fp/hard/crtbegin.o

.preinit_array  0x0000000008010664        0x0
                0x0000000008010664                . = ALIGN (0x4)
                0x0000000008010664                PROVIDE (__preinit_array_start = .)
 *(.preinit_array*)
                0x0000000008010664                PROVIDE (__preinit_array_end = .)
                0x0000000008010664                . = ALIGN (0x4)

.init_array     0x0000000008010664        0x4
                0x0000000008010664                . = ALIGN (0x4)
                0x0000000008010664                PROVIDE (__init_array_start = .)
 *(SORT_BY_NAME(.init_array.*))
 *(.init_array*)
 .init_array    0x0000000008010664        0x4 c:/st/stm32cubeide_1.11.0/stm32cubeide/plugins/com.st.stm32cube.ide.mcu.externaltools.gnu-tools-for-stm32.10.3-2021.10.win32_1.0.100.202210260954/tools/bin/../lib/gcc/arm-none-eabi/10.3.1/thumb/v7e-m+fp/hard/crtbegin.o
                0x0000000008010668                PROVIDE (__init_array_end = .)
                0x0000000008010668                . = ALIGN (0x4)

.fini_array     0x0000000008010668        0x4
                0x0000000008010668                . = ALIGN (0x4)
                [!provide]                        PROVIDE (__fini_array_start = .)
 *(SORT_BY_NAME(.fini_array.*))
 *(.fini_array*)
 .fini_array    0x0000000008010668        0x4 c:/st/stm32cubeide_1.11.0/stm32cubeide/plugins/com.st.stm32cube.ide.mcu.externaltools.gnu-tools-for-stm32.10.3-2021.10.win32_1.0.100.202210260954/tools/bin/../lib/gcc/arm-none-eabi/10.3.1/thumb/v7e-m+fp/hard/crtbegin.o
                [!provide]                        PROVIDE (__fini_array_end = .)
                0x000000000801066c                . = ALIGN (0x4)
                0x000000000801066c                _sidata = LOADADDR (.data)

.data           0x0000000020000000       0xf0 load address 0x000000000801066c
                0x0000000020000000                . = ALIGN (0x4)
                0x0000000020000000                _sdata = .
 *(.data)
 *(.data*)
 .data.Basic_inclusion
                0x0000000020000000        0x4 ./Core/Src/ESP8266_HAL.o
                0x0000000020000000                Basic_inclusion
 .data.LED_ON   0x0000000020000004        0x4 ./Core/Src/ESP8266_HAL.o
                0x0000000020000004                LED_ON
 .data.LED_OFF  0x0000000020000008        0x4 ./Core/Src/ESP8266_HAL.o
                0x0000000020000008                LED_OFF
 .data.Terminate
                0x000000002000000c        0x4 ./Core/Src/ESP8266_HAL.o
                0x000000002000000c                Terminate
 .data.SystemCoreClock
                0x0000000020000010        0x4 ./Core/Src/system_stm32f4xx.o
                0x0000000020000010                SystemCoreClock
 .data.ili9341_drv
                0x0000000020000014       0x38 ./Drivers/BSP/Components/ili9341/ili9341.o
                0x0000000020000014                ili9341_drv
 .data.SpixTimeout
                0x000000002000004c        0x4 ./Drivers/BSP/STM32F429I-Discovery/stm32f429i_discovery.o
                0x000000002000004c                SpixTimeout
 .data.Font24   0x0000000020000050        0x8 ./Drivers/BSP/STM32F429I-Discovery/stm32f429i_discovery_lcd.o
                0x0000000020000050                Font24
 .data.Font16   0x0000000020000058        0x8 ./Drivers/BSP/STM32F429I-Discovery/stm32f429i_discovery_lcd.o
                0x0000000020000058                Font16
 .data.sdramstatus.2
                0x0000000020000060        0x1 ./Drivers/BSP/STM32F429I-Discovery/stm32f429i_discovery_sdram.o
 *fill*         0x0000000020000061        0x3 
 .data.uwTickPrio
                0x0000000020000064        0x4 ./Drivers/STM32F4xx_HAL_Driver/Src/stm32f4xx_hal.o
                0x0000000020000064                uwTickPrio
 .data.uwTickFreq
                0x0000000020000068        0x1 ./Drivers/STM32F4xx_HAL_Driver/Src/stm32f4xx_hal.o
                0x0000000020000068                uwTickFreq
 *fill*         0x0000000020000069        0x3 
 .data.CDC_Class
                0x000000002000006c       0x20 ./Middlewares/ST/STM32_USB_Host_Library/Class/CDC/Src/usbh_cdc.o
                0x000000002000006c                CDC_Class
 .data._impure_ptr
                0x000000002000008c        0x4 c:/st/stm32cubeide_1.11.0/stm32cubeide/plugins/com.st.stm32cube.ide.mcu.externaltools.gnu-tools-for-stm32.10.3-2021.10.win32_1.0.100.202210260954/tools/bin/../lib/gcc/arm-none-eabi/10.3.1/../../../../arm-none-eabi/lib/thumb/v7e-m+fp/hard\libc_nano.a(lib_a-impure.o)
                0x000000002000008c                _impure_ptr
 .data.impure_data
                0x0000000020000090       0x60 c:/st/stm32cubeide_1.11.0/stm32cubeide/plugins/com.st.stm32cube.ide.mcu.externaltools.gnu-tools-for-stm32.10.3-2021.10.win32_1.0.100.202210260954/tools/bin/../lib/gcc/arm-none-eabi/10.3.1/../../../../arm-none-eabi/lib/thumb/v7e-m+fp/hard\libc_nano.a(lib_a-impure.o)
 *(.RamFunc)
 *(.RamFunc*)
                0x00000000200000f0                . = ALIGN (0x4)
                0x00000000200000f0                _edata = .
                0x000000000801075c                _siccmram = LOADADDR (.ccmram)

.igot.plt       0x00000000200000f0        0x0 load address 0x000000000801075c
 .igot.plt      0x00000000200000f0        0x0 c:/st/stm32cubeide_1.11.0/stm32cubeide/plugins/com.st.stm32cube.ide.mcu.externaltools.gnu-tools-for-stm32.10.3-2021.10.win32_1.0.100.202210260954/tools/bin/../lib/gcc/arm-none-eabi/10.3.1/thumb/v7e-m+fp/hard/crtbegin.o

.ccmram         0x0000000010000000        0x0 load address 0x000000000801075c
                0x0000000010000000                . = ALIGN (0x4)
                0x0000000010000000                _sccmram = .
 *(.ccmram)
 *(.ccmram*)
                0x0000000010000000                . = ALIGN (0x4)
                0x0000000010000000                _eccmram = .
                0x0000000010000000                . = ALIGN (0x4)

.bss            0x00000000200000f0     0x1518
                0x00000000200000f0                _sbss = .
                0x00000000200000f0                __bss_start__ = _sbss
 *(.bss)
 .bss           0x00000000200000f0       0x1c c:/st/stm32cubeide_1.11.0/stm32cubeide/plugins/com.st.stm32cube.ide.mcu.externaltools.gnu-tools-for-stm32.10.3-2021.10.win32_1.0.100.202210260954/tools/bin/../lib/gcc/arm-none-eabi/10.3.1/thumb/v7e-m+fp/hard/crtbegin.o
 *(.bss*)
 .bss.buffer    0x000000002000010c       0x14 ./Core/Src/ESP8266_HAL.o
                0x000000002000010c                buffer
 .bss.rx_buffer1
                0x0000000020000120      0x208 ./Core/Src/UartRingbuffer_multi.o
                0x0000000020000120                rx_buffer1
 .bss.tx_buffer1
                0x0000000020000328      0x208 ./Core/Src/UartRingbuffer_multi.o
                0x0000000020000328                tx_buffer1
 .bss.rx_buffer2
                0x0000000020000530      0x208 ./Core/Src/UartRingbuffer_multi.o
                0x0000000020000530                rx_buffer2
 .bss.tx_buffer2
                0x0000000020000738      0x208 ./Core/Src/UartRingbuffer_multi.o
                0x0000000020000738                tx_buffer2
 .bss._rx_buffer1
                0x0000000020000940        0x4 ./Core/Src/UartRingbuffer_multi.o
                0x0000000020000940                _rx_buffer1
 .bss._tx_buffer1
                0x0000000020000944        0x4 ./Core/Src/UartRingbuffer_multi.o
                0x0000000020000944                _tx_buffer1
 .bss._rx_buffer2
                0x0000000020000948        0x4 ./Core/Src/UartRingbuffer_multi.o
                0x0000000020000948                _rx_buffer2
 .bss._tx_buffer2
                0x000000002000094c        0x4 ./Core/Src/UartRingbuffer_multi.o
                0x000000002000094c                _tx_buffer2
 .bss.hcrc      0x0000000020000950        0x8 ./Core/Src/main.o
                0x0000000020000950                hcrc
 .bss.hdma2d    0x0000000020000958       0x40 ./Core/Src/main.o
                0x0000000020000958                hdma2d
 .bss.hi2c3     0x0000000020000998       0x54 ./Core/Src/main.o
                0x0000000020000998                hi2c3
 .bss.hltdc     0x00000000200009ec       0xa8 ./Core/Src/main.o
                0x00000000200009ec                hltdc
 .bss.hspi5     0x0000000020000a94       0x58 ./Core/Src/main.o
                0x0000000020000a94                hspi5
 .bss.htim1     0x0000000020000aec       0x48 ./Core/Src/main.o
                0x0000000020000aec                htim1
 .bss.huart5    0x0000000020000b34       0x44 ./Core/Src/main.o
                0x0000000020000b34                huart5
 .bss.huart1    0x0000000020000b78       0x44 ./Core/Src/main.o
                0x0000000020000b78                huart1
 .bss.hsdram1   0x0000000020000bbc       0x34 ./Core/Src/main.o
                0x0000000020000bbc                hsdram1
 .bss.buforek   0x0000000020000bf0       0x40 ./Core/Src/main.o
                0x0000000020000bf0                buforek
 .bss.buforek2  0x0000000020000c30       0x40 ./Core/Src/main.o
                0x0000000020000c30                buforek2
 .bss.FMC_Initialized
                0x0000000020000c70        0x4 ./Core/Src/stm32f4xx_hal_msp.o
 .bss.htim6     0x0000000020000c74       0x48 ./Core/Src/stm32f4xx_hal_timebase_tim.o
                0x0000000020000c74                htim6
 .bss.__sbrk_heap_end
                0x0000000020000cbc        0x4 ./Core/Src/sysmem.o
 .bss.SpiHandle
                0x0000000020000cc0       0x58 ./Drivers/BSP/STM32F429I-Discovery/stm32f429i_discovery.o
 .bss.Is_LCD_IO_Initialized
                0x0000000020000d18        0x1 ./Drivers/BSP/STM32F429I-Discovery/stm32f429i_discovery.o
 *fill*         0x0000000020000d19        0x3 
 .bss.LtdcHandler
                0x0000000020000d1c       0xa8 ./Drivers/BSP/STM32F429I-Discovery/stm32f429i_discovery_lcd.o
                0x0000000020000d1c                LtdcHandler
 .bss.Dma2dHandler
                0x0000000020000dc4       0x40 ./Drivers/BSP/STM32F429I-Discovery/stm32f429i_discovery_lcd.o
 .bss.PeriphClkInitStruct
                0x0000000020000e04       0x30 ./Drivers/BSP/STM32F429I-Discovery/stm32f429i_discovery_lcd.o
 .bss.ActiveLayer
                0x0000000020000e34        0x4 ./Drivers/BSP/STM32F429I-Discovery/stm32f429i_discovery_lcd.o
 .bss.DrawProp  0x0000000020000e38       0x18 ./Drivers/BSP/STM32F429I-Discovery/stm32f429i_discovery_lcd.o
 .bss.LcdDrv    0x0000000020000e50        0x4 ./Drivers/BSP/STM32F429I-Discovery/stm32f429i_discovery_lcd.o