../Core/Src/main.c:95:5:main	8	static
../Core/Src/main.c:208:6:SystemClock_Config	88	static
../Core/Src/main.c:254:13:MX_CRC_Init	8	static
../Core/Src/main.c:280:13:MX_DMA2D_Init	8	static
../Core/Src/main.c:317:13:MX_I2C3_Init	8	static
../Core/Src/main.c:365:13:MX_LTDC_Init	64	static
../Core/Src/main.c:427:13:MX_SPI5_Init	8	static
../Core/Src/main.c:465:13:MX_TIM1_Init	32	static
../Core/Src/main.c:511:13:MX_UART5_Init	8	static
../Core/Src/main.c:544:13:MX_USART1_UART_Init	8	static
../Core/Src/main.c:573:13:MX_FMC_Init	40	static
../Core/Src/main.c:624:13:MX_GPIO_Init	64	static
../Core/Src/main.c:716:6:HAL_TIM_PeriodElapsedCallback	16	static
../Core/Src/main.c:733:6:Error_Handler	4	static,ignoring_inline_asm
