../Core/Src/main.c:92:5:main	8	static
../Core/Src/main.c:164:6:SystemClock_Config	88	static
../Core/Src/main.c:210:13:MX_CRC_Init	8	static
../Core/Src/main.c:236:13:MX_DMA2D_Init	8	static
../Core/Src/main.c:273:13:MX_I2C3_Init	8	static
../Core/Src/main.c:321:13:MX_LTDC_Init	64	static
../Core/Src/main.c:383:13:MX_SPI5_Init	8	static
../Core/Src/main.c:421:13:MX_TIM1_Init	32	static
../Core/Src/main.c:467:13:MX_USART1_UART_Init	8	static
../Core/Src/main.c:500:13:MX_USART2_UART_Init	8	static
../Core/Src/main.c:529:13:MX_FMC_Init	40	static
../Core/Src/main.c:580:13:MX_GPIO_Init	64	static
../Core/Src/main.c:672:6:HAL_TIM_PeriodElapsedCallback	16	static
../Core/Src/main.c:689:6:Error_Handler	4	static,ignoring_inline_asm
